******************************************************************************
                  TI ARM Linker PC v18.12.2                    
******************************************************************************
>> Linked Tue Jun 16 13:36:27 2020

OUTPUT FILE NAME:   <rfEasyLinkRx_868MHz_Final_V0.out>
ENTRY POINT SYMBOL: "resetISR"  address: 00007799


MEMORY CONFIGURATION

         name            origin    length      used     unused   attr    fill
----------------------  --------  ---------  --------  --------  ----  --------
  FLASH                 00000000   00020000  0000b02e  00014fd2  R  X
  SRAM                  20000000   00005000  00001a50  000035b0  RW X


SEGMENT ALLOCATION MAP

run origin  load origin   length   init length attrs members
----------  ----------- ---------- ----------- ----- -------
00000000    00000000    0000ac80   0000ac80    r-x
  00000000    00000000    000000c8   000000c8    r-- .intvecs
  000000c8    000000c8    00007a02   00007a02    r-x .text
  00007acc    00007acc    000031b4   000031b4    r-- .const
0000ac80    0000ac80    00000008   00000008    rw-
  0000ac80    0000ac80    00000008   00000008    rw- .args
0000ac88    0000ac88    00000350   00000350    r--
  0000ac88    0000ac88    00000350   00000350    r-- .cinit
0001ffa8    0001ffa8    00000058   00000058    r--
  0001ffa8    0001ffa8    00000058   00000058    r-- .ccfg
20000000    20000000    000001c8   00000000    rw-
  20000000    20000000    00000100   00000000    rw- .sysmem
  20000100    20000100    000000c8   00000000    rw- .vtable_ram
20000430    20000430    00000010   00000000    rw-
  20000430    20000430    00000010   00000000    rw- .TI.bound:dmaSpi0RxControlTableEntry
20000440    20000440    00000010   00000000    rw-
  20000440    20000440    00000010   00000000    rw- .TI.bound:dmaSpi0TxControlTableEntry
20000500    20000500    00000010   00000000    rw-
  20000500    20000500    00000010   00000000    rw- .TI.bound:dmaSpi1RxControlTableEntry
20000510    20000510    00001458   00000000    rw-
  20000510    20000510    00000010   00000000    rw- .TI.bound:dmaSpi1TxControlTableEntry
  20000520    20000520    00000b68   00000000    rw- .bss
  20001088    20001088    000008e0   00000000    rw- .data
20004c00    20004c00    00000400   00000000    rw-
  20004c00    20004c00    00000400   00000000    rw- .stack


SECTION ALLOCATION MAP

 output                                  attributes/
section   page    origin      length       input sections
--------  ----  ----------  ----------   ----------------
.intvecs   0    00000000    000000c8     
                  00000000    000000c8     nortos_cc13x0.aem3 : startup_cc13xx_cc26xx_ccs.oem3 (.intvecs)

.text      0    000000c8    00007a02     
                  000000c8    00000648     EasyLink_nortos.obj (.text:EasyLink_init)
                  00000710    0000048c     rf_multiMode_cc13x0.aem3 : RFCC26XX_multiMode.oem3 (.text:RF_fsmActiveState)
                  00000b9c    0000030c     drivers_cc13x0.aem3 : PowerCC26XX_calibrateRCOSC.oem3 (.text:PowerCC26XX_auxISR)
                  00000ea8    00000288     rf_multiMode_cc13x0.aem3 : RFCC26XX_multiMode.oem3 (.text:RF_scheduleCmd)
                  00001130    00000238     drivers_cc13x0.aem3 : SPICC26XXDMA.oem3 (.text:SPICC26XXDMA_transfer)
                  00001368    00000228     driverlib.lib : sys_ctrl.obj (.text:NOROM_SysCtrlSetRechargeBeforePowerDown)
                  00001590    00000224     drivers_cc13x0.aem3 : PowerCC26XX.oem3 (.text:Power_sleep)
                  000017b4    0000021c     adpcm.obj (.text:ADPCMDecoder)
                  000019d0    000001d8     rf_multiMode_cc13x0.aem3 : RFCC26XX_multiMode.oem3 (.text:RF_open)
                  00001ba8    000001c0     EasyLink_nortos.obj (.text:EasyLink_receiveAsync)
                  00001d68    000001b0     drivers_cc13x0.aem3 : PINCC26XX.oem3 (.text:PIN_init)
                  00001f18    000001b0     EasyLink_nortos.obj (.text:rxDoneCallback)
                  000020c8    00000190     drivers_cc13x0.aem3 : PowerCC26XX_calibrateRCOSC.oem3 (.text:PowerCC26XX_doCalibrate)
                  00002258    00000158                         : SPICC26XXDMA.oem3 (.text:SPICC26XXDMA_initIO)
                  000023b0    00000154     rf_multiMode_cc13x0.aem3 : RFCC26XX_multiMode.oem3 (.text:RF_fsmSetupState)
                  00002504    00000134                              : RFCC26XX_multiMode.oem3 (.text:RF_abortCmd)
                  00002638    00000128     rfEasyLinkRx_nortos.obj (.text:mainThread)
                  00002760    00000128     smartrf_settings.obj (.text:rf_patch_rfe_genfsk)
                  00002888    00000128     smartrf_settings_predefined.obj (.text:rf_patch_rfe_genfsk)
                  000029b0    00000128     smartrf_settings_predefined.obj (.text:rf_patch_rfe_lrm)
                  00002ad8    00000128     smartrf_settings_predefined.obj (.text:rf_patch_rfe_sl_longrange)
                  00002c00    00000124     driverlib.lib : setup_rom.obj (.text:NOROM_SetupAfterColdResetWakeupFromShutDownCfg3)
                  00002d24    00000124     rf_multiMode_cc13x0.aem3 : RFCC26XX_multiMode.oem3 (.text:RF_dispatchNextCmd)
                  00002e48    0000011c     drivers_cc13x0.aem3 : SPICC26XXDMA.oem3 (.text:SPICC26XXDMA_open)
                  00002f64    00000118     rf_multiMode_cc13x0.aem3 : RFCC26XX_multiMode.oem3 (.text:RF_radioOpDoneCb)
                  0000307c    00000114     drivers_cc13x0.aem3 : PowerCC26XX.oem3 (.text:Power_init)
                  00003190    00000110     rf_multiMode_cc13x0.aem3 : RFCC26XX_multiMode.oem3 (.text:RF_close)
                  000032a0    0000010c     drivers_cc13x0.aem3 : SPICC26XXDMA.oem3 (.text:SPICC26XXDMA_configDMA)
                  000033ac    00000100     nortos_cc13x0.aem3 : PowerCC26XX_nortos.oem3 (.text:PowerCC26XX_standbyPolicy)
                  000034ac    000000f0     driverlib.lib : setup_rom.obj (.text:NOROM_SetupAfterColdResetWakeupFromShutDownCfg2)
                  0000359c    000000f0     drivers_cc13x0.aem3 : PINCC26XX.oem3 (.text:PINCC26XX_setIoCfg)
                  0000368c    000000e8     rf_multiMode_cc13x0.aem3 : RFCC26XX_multiMode.oem3 (.text:RF_fsmPowerUpState)
                  00003774    000000e8     rfEasyLinkRx_nortos.obj (.text:rxDoneCb)
                  0000385c    000000e4     drivers_cc13x0.aem3 : SPICC26XXDMA.oem3 (.text:SPICC26XXDMA_transferCancel)
                  00003940    000000d8     nortos_cc13x0.aem3 : SwiP_nortos.oem3 (.text:SwiP_construct)
                  00003a18    000000d4     driverlib.lib : rfc.obj (.text:NOROM_RFCRfTrimRead)
                  00003aec    000000d4     rf_multiMode_cc13x0.aem3 : RFCC26XX_multiMode.oem3 (.text:RF_pendCmd)
                  00003bc0    000000d0     drivers_cc13x0.aem3 : GPTimerCC26XX.oem3 (.text:GPTimerCC26XX_open)
                  00003c90    000000cc     driverlib.lib : rfc.obj (.text:NOROM_RFCRTrim)
                  00003d5c    000000cc     rf_multiMode_cc13x0.aem3 : RFCC26XX_multiMode.oem3 (.text:RF_swiHw)
                  00003e28    000000c4     driverlib.lib : setup.obj (.text:TrimAfterColdResetWakeupFromShutDown)
                  00003eec    000000c4     smartrf_settings_predefined.obj (.text:rf_patch_mce_sl_longrange)
                  00003fb0    000000bc     drivers_cc13x0.aem3 : PowerCC26XX.oem3 (.text:Power_releaseDependency)
                  0000406c    000000b8     rf_multiMode_cc13x0.aem3 : RFCC26XX_multiMode.oem3 (.text:RF_postCmd)
                  00004124    000000b4     drivers_cc13x0.aem3 : PowerCC26XX.oem3 (.text:Power_setDependency)
                  000041d8    000000b0     rf_multiMode_cc13x0.aem3 : RFCC26XX_multiMode.oem3 (.text:RF_hwiCpe0Active)
                  00004288    000000b0     nortos_cc13x0.aem3 : TimerPCC26XX_nortos.oem3 (.text:TimerP_construct)
                  00004338    000000a8                        : ClockPTimer_nortos.oem3 (.text:ClockP_workFuncDynamic)
                  000043e0    000000a8     driverlib.lib : setup.obj (.text:NOROM_SetupTrimDevice)
                  00004488    000000a8     rf_multiMode_cc13x0.aem3 : RFCC26XX_multiMode.oem3 (.text:RF_ratRestartChannels)
                  00004530    000000a4     EasyLink_nortos.obj (.text:EasyLink_abort)
                  000045d4    000000a4     driverlib.lib : setup_rom.obj (.text:NOROM_SetupAfterColdResetWakeupFromShutDownCfg1)
                  00004678    000000a4     drivers_cc13x0.aem3 : PowerCC26XX.oem3 (.text:switchXOSCHFclockFunc)
                  0000471c    000000a0                         : PINCC26XX.oem3 (.text:PIN_open)
                  000047bc    000000a0                         : SPICC26XXDMA.oem3 (.text:SPICC26XXDMA_hwiFxn)
                  0000485c    000000a0     nortos_cc13x0.aem3 : SwiP_nortos.oem3 (.text:SwiP_dispatch)
                  000048fc    0000009c                        : ClockPTimer_nortos.oem3 (.text:ClockP_startup)
                  00004998    0000009c     rf_multiMode_cc13x0.aem3 : RFCC26XX_multiMode.oem3 (.text:RF_calculateDispatchTime)
                  00004a34    0000009c     rtsv7M3_T_le_eabi.lib : memcpy_t2.asm.obj (.text)
                  00004ad0    00000098     nortos_cc13x0.aem3 : SemaphoreP_nortos.oem3 (.text:SemaphoreP_pend)
                  00004b68    00000096     rtsv7M3_T_le_eabi.lib : ull_div_t2.asm.obj (.text)
                  00004bfe    00000002     driverlib.lib : interrupt.obj (.text:IntDefaultHandler)
                  00004c00    00000090     rf_multiMode_cc13x0.aem3 : RFCC26XX_multiMode.oem3 (.text:RF_discardPendCmd)
                  00004c90    00000090     drivers_cc13x0.aem3 : SPICC26XXDMA.oem3 (.text:SPICC26XXDMA_control)
                  00004d20    00000090     smartrf_settings.obj (.text:configureGenfskPatch)
                  00004db0    00000090     smartrf_settings_predefined.obj (.text:configureGenfskPatch)
                  00004e40    00000090     smartrf_settings_predefined.obj (.text:configureLrmPatch)
                  00004ed0    00000090     smartrf_settings_predefined.obj (.text:configureSlLongrangePatch)
                  00004f60    0000008c     drivers_cc13x0.aem3 : SPICC26XXDMA.oem3 (.text:SPICC26XXDMA_swiFxn)
                  00004fec    0000008c     rfEasyLinkRx_nortos.obj (.text:rxTimeoutCb)
                  00005078    00000084     CC1310_LAUNCHXL_fxns.obj (.text:CC1310_LAUNCHXL_sendExtFlashByte)
                  000050fc    00000084     rf_multiMode_cc13x0.aem3 : RFCC26XX_multiMode.oem3 (.text:RF_issueRadioFreeCb)
                  00005180    00000080     nortos_cc13x0.aem3 : ClockPTimer_nortos.oem3 (.text:ClockP_start)
                  00005200    0000007e     rf_multiMode_cc13x0.aem3 : RFCC26XX_multiMode.oem3 (.text:RF_verifyGap)
                  0000527e    00000002                              : RFCC26XX_multiMode.oem3 (.text:RF_defaultCallback)
                  00005280    0000007c                              : RFCC26XX_multiMode.oem3 (.text:RF_ratFreeChannel)
                  000052fc    0000007a     rtsv7M3_T_le_eabi.lib : memset_t2.asm.obj (.text)
                  00005376    00000002     nortos_cc13x0.aem3 : SemaphoreP_nortos.oem3 (.text:SemaphoreP_destruct)
                  00005378    00000078                        : HwiPCC26XX_nortos.oem3 (.text:HwiP_construct)
                  000053f0    00000074                        : ClockPTimer_nortos.oem3 (.text:ClockP_walkQueueDynamic)
                  00005464    00000074     driverlib.lib : setup_rom.obj (.text:NOROM_SetupSetVddrLevel)
                  000054d8    00000070     rf_multiMode_cc13x0.aem3 : RFCC26XX_multiMode.oem3 (.text:RF_hwiHw)
                  00005548    00000070     nortos_cc13x0.aem3 : TimerPCC26XX_nortos.oem3 (.text:TimerP_start)
                  000055b8    0000006c     drivers_cc13x0.aem3 : PowerCC26XX_calibrateRCOSC.oem3 (.text:PowerCC26XX_initiateCalibration)
                  00005624    0000006c     rf_multiMode_cc13x0.aem3 : RFCC26XX_multiMode.oem3 (.text:RF_initRadioSetup)
                  00005690    00000068     driverlib.lib : setup_rom.obj (.text:NOROM_SetupGetTrimForAmpcompCtrl)
                  000056f8    00000068                   : setup_rom.obj (.text:NOROM_SetupGetTrimForAnabypassValue1)
                  00005760    00000068                   : sys_ctrl.obj (.text:NOROM_SysCtrlAdjustRechargeAfterPowerDown)
                  000057c8    00000068                   : sys_ctrl.obj (.text:NOROM_SysCtrl_DCDC_VoltageConditionalControl)
                  00005830    00000068     drivers_cc13x0.aem3 : PINCC26XX.oem3 (.text:PIN_add)
                  00005898    00000068     SPI.obj (.text:SPI_init)
                  00005900    00000068     nortos_cc13x0.aem3 : SwiP_nortos.oem3 (.text:SwiP_post)
                  00005968    00000068     rtsv7M3_T_le_eabi.lib : copy_decompress_lzss.c.obj (.text:decompress:lzss:__TI_decompress_lzss)
                  000059d0    00000068     drivers_cc13x0.aem3 : PowerCC26XX.oem3 (.text:lfClockReadyCallback)
                  00005a38    00000064     driverlib.lib : osc.obj (.text:NOROM_OSCHF_AttemptToSwitchToXosc)
                  00005a9c    00000064     rf_multiMode_cc13x0.aem3 : RFCC26XX_multiMode.oem3 (.text:RF_checkForPreemption)
                  00005b00    00000064                              : RFCC26XX_multiMode.oem3 (.text:RF_dispatchNextEvent)
                  00005b64    00000064     drivers_cc13x0.aem3 : PowerCC26XX.oem3 (.text:configureXOSCHF)
                  00005bc8    00000060     driverlib.lib : osc.obj (.text:NOROM_OSCClockSourceSet)
                  00005c28    00000060     drivers_cc13x0.aem3 : PowerCC26XX.oem3 (.text:PowerCC26XX_calibrate)
                  00005c88    00000060     rf_multiMode_cc13x0.aem3 : RFCC26XX_multiMode.oem3 (.text:RF_getCurrentTime)
                  00005ce8    0000005c     drivers_cc13x0.aem3 : PowerCC26XX_calibrateRCOSC.oem3 (.text:PowerCC26XX_RCOSC_clockFunc)
                  00005d44    0000005c     rf_multiMode_cc13x0.aem3 : RFCC26XX_multiMode.oem3 (.text:RF_hwiCpe0PowerFsm)
                  00005da0    0000005c                              : RFCC26XX_multiMode.oem3 (.text:RF_syncCb)
                  00005dfc    0000005c     SPI.obj (.text:SPI_open)
                  00005e58    0000005c     drivers_cc13x0.aem3 : UDMACC26XX.oem3 (.text:UDMACC26XX_open)
                  00005eb4    0000005a     EasyLink_nortos.obj (.text:createTxAdvFromTx)
                  00005f0e    00000002     rtsv7M3_T_le_eabi.lib : _lock.c.obj (.text:_nop)
                  00005f10    00000058     drivers_cc13x0.aem3 : GPTimerCC26XX.oem3 (.text:GPTimerCC26XXHwiFxn)
                  00005f68    00000058                         : PINCC26XX.oem3 (.text:PIN_remove)
                  00005fc0    00000058     rf_multiMode_cc13x0.aem3 : RFCC26XX_multiMode.oem3 (.text:RF_cmdDispatchTime)
                  00006018    00000058     drivers_cc13x0.aem3 : SPICC26XXDMA.oem3 (.text:SPICC26XXDMA_initHw)
                  00006070    00000054     rf_multiMode_cc13x0.aem3 : RFCC26XX_multiMode.oem3 (.text:RF_applyRfCorePatch)
                  000060c4    00000054     rfEasyLinkRx_nortos.obj (.text:SPI_FN)
                  00006118    00000054     rfEasyLinkRx_nortos.obj (.text:SPI_SEND_TO_DMA)
                  0000616c    00000052     drivers_cc13x0.aem3 : SPICC26XXDMA.oem3 (.text:SPICC26XXDMA_close)
                  000061be    00000002     nortos_cc13x0.aem3 : SemaphoreP_nortos.oem3 (.text:clkFxn)
                  000061c0    00000050     driverlib.lib : setup_rom.obj (.text:NOROM_SetupSetCacheModeAccordingToCcfgSetting)
                  00006210    00000050     rf_multiMode_cc13x0.aem3 : RFCC26XX_multiMode.oem3 (.text:RF_fsmXOSCState)
                  00006260    00000050                              : RFCC26XX_multiMode.oem3 (.text:RF_wakeupNotification)
                  000062b0    00000050     nortos_cc13x0.aem3 : SemaphoreP_nortos.oem3 (.text:SemaphoreP_construct)
                  00006300    0000004c     CC1310_LAUNCHXL_fxns.obj (.text:CC1310_LAUNCHXL_wakeUpExtFlash)
                  0000634c    0000004c     drivers_cc13x0.aem3 : GPTimerCC26XX.oem3 (.text:GPTimerCC26XX_registerInterrupt)
                  00006398    0000004c                         : GPTimerCC26XX.oem3 (.text:GPTimerCC26XX_start)
                  000063e4    00000048     nortos_cc13x0.aem3 : ClockPTimer_nortos.oem3 (.text:ClockP_construct)
                  0000642c    00000044     drivers_cc13x0.aem3 : SPICC26XXDMA.oem3 (.text:SPICC26XXDMA_csnCallback)
                  00006470    00000044     nortos_cc13x0.aem3 : SwiP_nortos.oem3 (.text:SwiP_restore)
                  000064b4    00000044     rtsv7M3_T_le_eabi.lib : autoinit.c.obj (.text:__TI_auto_init_nobinit_nopinit:__TI_auto_init_nobinit_nopinit)
                  000064f8    00000040     CC1310_LAUNCHXL_fxns.obj (.text:CC1310_LAUNCHXL_shutDownExtFlash)
                  00006538    00000040     drivers_cc13x0.aem3 : PINCC26XX.oem3 (.text:PINCC26XX_getConfig)
                  00006578    00000040                         : PINCC26XX.oem3 (.text:PIN_swi)
                  000065b8    0000003c     driverlib.lib : chipinfo.obj (.text:NOROM_ChipInfo_GetHwRevision)
                  000065f4    0000003c                   : osc.obj (.text:NOROM_OSC_HPOSCRelativeFrequencyOffsetGet)
                  00006630    0000003c                   : rfc.obj (.text:NOROM_RFCSynthPowerDown)
                  0000666c    0000003c     drivers_cc13x0.aem3 : PowerCC26XX.oem3 (.text:PowerCC26XX_isStableXOSC_HF)
                  000066a8    0000003c     rf_multiMode_cc13x0.aem3 : RFCC26XX_multiMode.oem3 (.text:RF_cmdGet)
                  000066e4    0000003c                              : RFCC26XX_multiMode.oem3 (.text:RF_cmdStoreEvents)
                  00006720    0000003c     nortos_cc13x0.aem3 : SemaphoreP_nortos.oem3 (.text:SemaphoreP_post)
                  0000675c    0000003c     drivers_cc13x0.aem3 : PowerCC26XX.oem3 (.text:disableLfClkQualifiersEnableClkLoss)
                  00006798    00000038                         : PINCC26XX.oem3 (.text:PIN_setConfig)
                  000067d0    00000038                         : PINCC26XX.oem3 (.text:PIN_setInterrupt)
                  00006808    00000038                         : PINCC26XX.oem3 (.text:PIN_setOutputValue)
                  00006840    00000038     rf_multiMode_cc13x0.aem3 : RFCC26XX_multiMode.oem3 (.text:RF_checkCmdFsError)
                  00006878    00000038                              : RFCC26XX_multiMode.oem3 (.text:RF_powerConstraintRelease)
                  000068b0    00000036     nortos_cc13x0.aem3 : TimerPCC26XX_nortos.oem3 (.text:TimerP_setNextTick)
                  000068e6    00000036     drivers_cc13x0.aem3 : UDMACC26XX.oem3 (.text:UDMACC26XX_close)
                  0000691c    00000034     nortos_cc13x0.aem3 : ClockPTimer_nortos.oem3 (.text:ClockP_getTicksUntilInterrupt)
                  00006950    00000034     drivers_cc13x0.aem3 : GPTimerCC26XX.oem3 (.text:GPTimerCC26XXSetLoadMatch)
                  00006984    00000034     driverlib.lib : interrupt.obj (.text:NOROM_IntRegister)
                  000069b8    00000034                   : osc.obj (.text:NOROM_OSCHF_SwitchToRcOscTurnOffXosc)
                  000069ec    00000034     drivers_cc13x0.aem3 : PowerCC26XX.oem3 (.text:Power_releaseConstraint)
                  00006a20    00000034     nortos_cc13x0.aem3 : SwiP_nortos.oem3 (.text:SwiP_destruct)
                  00006a54    00000034                        : TimerPCC26XX_nortos.oem3 (.text:TimerP_initDevice)
                  00006a88    00000034     drivers_cc13x0.aem3 : PowerCC26XX.oem3 (.text:notify)
                  00006abc    00000034     rtsv7M3_T_le_eabi.lib : rand.c.obj (.text:rand)
                  00006af0    00000030     drivers_cc13x0.aem3 : GPTimerCC26XX.oem3 (.text:GPTimerCC26XX_configureDebugStall)
                  00006b20    00000030     driverlib.lib : chipinfo.obj (.text:NOROM_ChipInfo_GetChipType)
                  00006b50    00000030                   : setup_rom.obj (.text:NOROM_SetupSetAonRtcSubSecInc)
                  00006b80    00000030     drivers_cc13x0.aem3 : PINCC26XX.oem3 (.text:PINCC26XX_setMux)
                  00006bb0    00000030                         : PowerCC26XX.oem3 (.text:Power_setConstraint)
                  00006be0    00000030     nortos_cc13x0.aem3 : TimerPCC26XX_nortos.oem3 (.text:TimerP_getCurrentTick)
                  00006c10    00000030                        : TimerPCC26XX_nortos.oem3 (.text:TimerP_setThreshold)
                  00006c40    0000002e     driverlib.lib : rfc.obj (.text:NOROM_RFCOverrideSearch)
                  00006c6e    0000002e     rf_multiMode_cc13x0.aem3 : RFCC26XX_multiMode.oem3 (.text:RF_queueEnd)
                  00006c9c    0000002c     nortos_cc13x0.aem3 : HwiPCC26XX_nortos.oem3 (.text:HwiP_dispatch)
                  00006cc8    0000002c     driverlib.lib : ddi.obj (.text:NOROM_DDI32RegWrite)
                  00006cf4    0000002c                   : osc.obj (.text:NOROM_OSCClockSourceGet)
                  00006d20    0000002c                   : rfc.obj (.text:NOROM_RFCCpePatchReset)
                  00006d4c    0000002c                   : setup_rom.obj (.text:NOROM_SetupGetTrimForRadcExtCfg)
                  00006d78    0000002c     rf_multiMode_cc13x0.aem3 : RFCC26XX_multiMode.oem3 (.text:RF_calculateDeltaTimeUs)
                  00006da4    0000002c                              : RFCC26XX_multiMode.oem3 (.text:RF_executeDirectImmediateCmd)
                  00006dd0    00000028     driverlib.lib : aon_batmon.obj (.text:NOROM_AONBatMonTemperatureGetDegC)
                  00006df8    00000028     drivers_cc13x0.aem3 : PowerCC26XX.oem3 (.text:Power_registerNotify)
                  00006e20    00000028     rf_multiMode_cc13x0.aem3 : RFCC26XX_multiMode.oem3 (.text:RF_runCmd)
                  00006e48    00000028     drivers_cc13x0.aem3 : SPICC26XXDMA.oem3 (.text:SPICC26XXDMA_flushFifos)
                  00006e70    00000028     driverlib.lib : adi.obj (.text:SafeHapiVoid)
                  00006e98    00000024     nortos_cc13x0.aem3 : ClockPTimer_nortos.oem3 (.text:ClockP_getTicks)
                  00006ebc    00000024                        : ClockPTimer_nortos.oem3 (.text:ClockP_scheduleNextTick)
                  00006ee0    00000024     drivers_cc13x0.aem3 : GPTimerCC26XX.oem3 (.text:GPTimerCC26XX_enableInterrupt)
                  00006f04    00000024                         : List.oem3 (.text:List_remove)
                  00006f28    00000024     driverlib.lib : rfc.obj (.text:NOROM_RFCDoorbellSendTo)
                  00006f4c    00000024     rf_multiMode_cc13x0.aem3 : RFCC26XX_multiMode.oem3 (.text:RF_cmdAlloc)
                  00006f70    00000024                              : RFCC26XX_multiMode.oem3 (.text:RF_invokeGlobalCallback)
                  00006f94    00000024                              : RFCC26XX_multiMode.oem3 (.text:RF_isStateTransitionAllowed)
                  00006fb8    00000024     nortos_cc13x0.aem3 : TimerPCC26XX_nortos.oem3 (.text:TimerP_getMaxTicks)
                  00006fdc    00000024     rtsv7M3_T_le_eabi.lib : boot_cortex_m.c.obj (.text:_c_int00:_c_int00)
                  00007000    00000022     drivers_cc13x0.aem3 : List.oem3 (.text:List_get)
                  00007022    00000022                         : List.oem3 (.text:List_insert)
                  00007044    00000022                         : List.oem3 (.text:List_put)
                  00007066    00000022                         : List.oem3 (.text:List_putHead)
                  00007088    00000020     nortos_cc13x0.aem3 : ClockPTimer_nortos.oem3 (.text:ClockP_add)
                  000070a8    00000020     drivers_cc13x0.aem3 : GPTimerCC26XX.oem3 (.text:GPTimerCC26XXReverseLookupMask)
                  000070c8    00000020     driverlib.lib : rfc.obj (.text:NOROM_RFCAdi3VcoLdoVoltageMode)
                  000070e8    00000020                   : setup_rom.obj (.text:NOROM_SetupGetTrimForXoscHfCtl)
                  00007108    00000020     drivers_cc13x0.aem3 : PINCC26XX.oem3 (.text:PINCC26XX_setIoCfgMux)
                  00007128    00000020                         : PowerCC26XX.oem3 (.text:Power_unregisterNotify)
                  00007148    00000020     rf_multiMode_cc13x0.aem3 : RFCC26XX_multiMode.oem3 (.text:RF_clkPowerUp)
                  00007168    00000020                              : RFCC26XX_multiMode.oem3 (.text:RF_hwiCpe0ChangePhy)
                  00007188    00000020                              : RFCC26XX_multiMode.oem3 (.text:RF_ratIsRunning)
                  000071a8    0000001e     drivers_cc13x0.aem3 : PINCC26XX.oem3 (.text:PIN_close)
                  000071c6    0000001e                         : PowerCC26XX.oem3 (.text:Power_getTransitionLatency)
                  000071e4    0000001e     rf_multiMode_cc13x0.aem3 : RFCC26XX_multiMode.oem3 (.text:RF_preemptClient)
                  00007202    0000001e     nortos_cc13x0.aem3 : SemaphoreP_nortos.oem3 (.text:SemaphoreP_constructBinary)
                  00007220    0000001c     CC1310_LAUNCHXL.obj (.text:CC1310_LAUNCHXL_initGeneral)
                  0000723c    0000001c     nortos_cc13x0.aem3 : HwiPCC26XX_nortos.oem3 (.text:HwiP_destruct)
                  00007258    0000001c     driverlib.lib : chipinfo.obj (.text:NOROM_ChipInfo_GetChipFamily)
                  00007274    0000001c                   : setup_rom.obj (.text:NOROM_SetupGetTrimForAmpcompTh2)
                  00007290    0000001c                   : setup_rom.obj (.text:NOROM_SetupGetTrimForRcOscLfRtuneCtuneTrim)
                  000072ac    0000001c     drivers_cc13x0.aem3 : PINCC26XX.oem3 (.text:PIN_hwi)
                  000072c8    0000001c     nortos_cc13x0.aem3 : QueueP_nortos.oem3 (.text:QueueP_put)
                  000072e4    0000001c     rf_multiMode_cc13x0.aem3 : RFCC26XX_multiMode.oem3 (.text:RF_clkInactivityCallback)
                  00007300    0000001c                              : RFCC26XX_multiMode.oem3 (.text:RF_powerConstraintSet)
                  0000731c    0000001c     nortos_cc13x0.aem3 : SwiP_nortos.oem3 (.text:SwiP_disable)
                  00007338    0000001c                        : SwiP_nortos.oem3 (.text:SwiP_or)
                  00007354    0000001c                        : TimerPCC26XX_nortos.oem3 (.text:TimerP_dynamicStub)
                  00007370    0000001c     smartrf_settings.obj (.text:enterGenfskCpePatch)
                  0000738c    0000001c     smartrf_settings_predefined.obj (.text:enterGenfskCpePatch)
                  000073a8    0000001c     smartrf_settings_predefined.obj (.text:enterLrmCpePatch)
                  000073c4    0000001c     smartrf_settings_predefined.obj (.text:enterSlLongrangeCpePatch)
                  000073e0    0000001a     nortos_cc13x0.aem3 : QueueP_nortos.oem3 (.text:QueueP_get)
                  000073fa    00000018     EasyLink_nortos.obj (.text:ChipInfo_ChipFamilyIs_CC13x2_CC26x2)
                  00007412    00000018     EasyLink_nortos.obj (.text:ChipInfo_ChipFamilyIs_CC26x0R2)
                  0000742a    00000018     nortos_cc13x0.aem3 : ClockPTimer_nortos.oem3 (.text:ClockP_destruct)
                  00007442    00000018                        : ClockPTimer_nortos.oem3 (.text:ClockP_getTimeout)
                  0000745a    00000002     drivers_cc13x0.aem3 : PowerCC26XX.oem3 (.text:emptyClockFunc)
                  0000745c    00000018     nortos_cc13x0.aem3 : HwiPCC26XX_nortos.oem3 (.text:HwiP_inISR)
                  00007474    00000018     driverlib.lib : aon_rtc.obj (.text:NOROM_AONRTCCurrentCompareValueGet)
                  0000748c    00000018                   : chipinfo.obj (.text:NOROM_ChipInfo_GetPackageType)
                  000074a4    00000018                   : osc.obj (.text:NOROM_OSCHF_TurnOnXosc)
                  000074bc    00000018                   : rfc.obj (.text:NOROM_RFCCpeIntGetAndClear)
                  000074d4    00000018                   : setup_rom.obj (.text:NOROM_SetupGetTrimForAdcShModeEn)
                  000074ec    00000018                   : setup_rom.obj (.text:NOROM_SetupGetTrimForAdcShVbufEn)
                  00007504    00000018                   : setup_rom.obj (.text:NOROM_SetupGetTrimForAmpcompTh1)
                  0000751c    00000018                   : setup_rom.obj (.text:NOROM_SetupGetTrimForDblrLoopFilterResetVoltage)
                  00007534    00000018                   : setup_rom.obj (.text:NOROM_SetupGetTrimForRcOscLfIBiasTrim)
                  0000754c    00000018                   : setup_rom.obj (.text:NOROM_SetupGetTrimForXoscLfRegulatorAndCmirrwrRatio)
                  00007564    00000018     drivers_cc13x0.aem3 : PINCC26XX.oem3 (.text:PIN_getConfig)
                  0000757c    00000018                         : PowerCC26XX.oem3 (.text:Power_idleFunc)
                  00007594    00000018     rf_multiMode_cc13x0.aem3 : RFCC26XX_multiMode.oem3 (.text:RF_cancelCmd)
                  000075ac    00000018                              : RFCC26XX_multiMode.oem3 (.text:RF_swiFsm)
                  000075c4    00000018     SPI.obj (.text:SPI_Params_init)
                  000075dc    00000018     rtsv7M3_T_le_eabi.lib : args_main.c.obj (.text:_args_main)
                  000075f4    00000018     adpcm.obj (.text:init_adpcm)
                  0000760c    00000018     rtsv7M3_T_le_eabi.lib : ll_mul_t2.asm.obj (.text)
                  00007624    00000016     EasyLink_nortos.obj (.text:ChipInfo_ChipFamilyIs_CC26x0)
                  0000763a    00000016     nortos_cc13x0.aem3 : HwiPCC26XX_nortos.oem3 (.text:HwiP_setFunc)
                  00007650    00000016     driverlib.lib : chipinfo.obj (.text:NOROM_ThisLibraryIsFor_CC13x0_HwRev20AndLater_HaltIfViolated)
                  00007666    00000016     rf_multiMode_cc13x0.aem3 : RFCC26XX_multiMode.oem3 (.text:RF_restartClockTimeout)
                  0000767c    00000016     SPI.obj (.text:SPI_transfer)
                  00007692    00000002     smartrf_settings.obj (.text:enterGenfskSysPatch)
                  00007694    00000014     EasyLink_nortos.obj (.text:EasyLink_Params_init)
                  000076a8    00000014     drivers_cc13x0.aem3 : List.oem3 (.text:List_clearList)
                  000076bc    00000014     driverlib.lib : aon_rtc.obj (.text:NOROM_AONRTCCurrent64BitValueGet)
                  000076d0    00000014                   : interrupt.obj (.text:NOROM_IntUnregister)
                  000076e4    00000014     drivers_cc13x0.aem3 : PINCC26XX.oem3 (.text:PINCC26XX_getOutputValue)
                  000076f8    00000014                         : PowerCC26XX.oem3 (.text:Power_disablePolicy)
                  0000770c    00000014     rf_multiMode_cc13x0.aem3 : RFCC26XX_multiMode.oem3 (.text:RF_Params_init)
                  00007720    00000014                              : RFCC26XX_multiMode.oem3 (.text:RF_dbellSyncOnAck)
                  00007734    00000014                              : RFCC26XX_multiMode.oem3 (.text:RF_ratGetChannel)
                  00007748    00000014                              : RFCC26XX_multiMode.oem3 (.text:RF_schResolveConflict)
                  0000775c    00000014     nortos_cc13x0.aem3 : SwiP_nortos.oem3 (.text:SwiP_handleHwi)
                  00007770    00000014                        : TimerPCC26XX_nortos.oem3 (.text:TimerP_startup)
                  00007784    00000014     drivers_cc13x0.aem3 : PowerCC26XX.oem3 (.text:configureRFCoreClocks)
                  00007798    00000014     nortos_cc13x0.aem3 : startup_cc13xx_cc26xx_ccs.oem3 (.text:resetISR)
                  000077ac    00000012     drivers_cc13x0.aem3 : GPTimerCC26XX.oem3 (.text:GPTimerCC26XX_Params_init)
                  000077be    00000012     nortos_cc13x0.aem3 : HwiPCC26XX_nortos.oem3 (.text:HwiP_Params_init)
                  000077d0    00000012     main_nortos.obj (.text:main)
                  000077e2    00000002     smartrf_settings_predefined.obj (.text:enterGenfskSysPatch)
                  000077e4    00000010     nortos_cc13x0.aem3 : ClockPTimer_nortos.oem3 (.text:ClockP_Params_init)
                  000077f4    00000010                        : ClockPTimer_nortos.oem3 (.text:ClockP_getCpuFreq)
                  00007804    00000010                        : HwiPCC26XX_nortos.oem3 (.text:HwiP_disable)
                  00007814    00000010                        : HwiPCC26XX_nortos.oem3 (.text:HwiP_enableInterrupt)
                  00007824    00000010                        : HwiPCC26XX_nortos.oem3 (.text:HwiP_post)
                  00007834    00000010     driverlib.lib : rfc.obj (.text:NOROM_RFCHwIntGetAndClear)
                  00007844    00000010                   : rfc.obj (.text:NOROM_RFCRfTrimSet)
                  00007854    00000010                   : setup_rom.obj (.text:NOROM_SetupGetTrimForXoscHfFastStart)
                  00007864    00000010                   : setup_rom.obj (.text:NOROM_SetupGetTrimForXoscHfIbiastherm)
                  00007874    00000010     drivers_cc13x0.aem3 : PINCC26XX.oem3 (.text:PINCC26XX_getPinCount)
                  00007884    00000010     nortos_cc13x0.aem3 : PowerCC26XX_nortos.oem3 (.text:PowerCC26XX_schedulerDisable)
                  00007894    00000010     drivers_cc13x0.aem3 : PowerCC26XX.oem3 (.text:Power_enablePolicy)
                  000078a4    00000010     rf_multiMode_cc13x0.aem3 : RFCC26XX_multiMode.oem3 (.text:RF_dbellSubmitCmdAsync)
                  000078b4    00000010                              : RFCC26XX_multiMode.oem3 (.text:RF_isClientOwner)
                  000078c4    00000010     nortos_cc13x0.aem3 : SemaphoreP_nortos.oem3 (.text:SemaphoreP_Params_init)
                  000078d4    00000010                        : SwiP_nortos.oem3 (.text:SwiP_Params_init)
                  000078e4    00000010                        : TimerPCC26XX_nortos.oem3 (.text:TimerP_Params_init)
                  000078f4    00000010     smartrf_settings.obj (.text:applyGenfskPatch)
                  00007904    00000010     smartrf_settings_predefined.obj (.text:applyGenfskPatch)
                  00007914    00000010     smartrf_settings_predefined.obj (.text:applyLrmPatch)
                  00007924    00000010     smartrf_settings_predefined.obj (.text:applySlLongrangePatch)
                  00007934    0000000e     driverlib.lib : vims.obj (.text:NOROM_VIMSModeGet)
                  00007942    0000000e     nortos_cc13x0.aem3 : QueueP_nortos.oem3 (.text:QueueP_empty)
                  00007950    0000000e                        : QueueP_nortos.oem3 (.text:QueueP_remove)
                  0000795e    0000000e     rf_multiMode_cc13x0.aem3 : RFCC26XX_multiMode.oem3 (.text:RF_getSwitchingTimeInUs)
                  0000796c    0000000e     drivers_cc13x0.aem3 : SPICC26XXDMA.oem3 (.text:SPICC26XXDMA_init)
                  0000797a    0000000e     rtsv7M3_T_le_eabi.lib : copy_decompress_none.c.obj (.text:decompress:none:__TI_decompress_none)
                  00007988    0000000c     nortos_cc13x0.aem3 : ClockPTimer_nortos.oem3 (.text:ClockP_doTick)
                  00007994    0000000c     driverlib.lib : cpu.obj (.text:NOROM_CPUcpsid)
                  000079a0    0000000c                   : cpu.obj (.text:NOROM_CPUcpsie)
                  000079ac    0000000c                   : osc.obj (.text:NOROM_OSC_HPOSCRelativeFrequencyOffsetToRFCoreFormatConvert)
                  000079b8    0000000c     drivers_cc13x0.aem3 : PINCC26XX.oem3 (.text:PIN_registerIntCb)
                  000079c4    0000000c     nortos_cc13x0.aem3 : PowerCC26XX_nortos.oem3 (.text:PowerCC26XX_schedulerRestore)
                  000079d0    0000000c     drivers_cc13x0.aem3 : PowerCC26XX.oem3 (.text:Power_getConstraintMask)
                  000079dc    0000000c                         : PowerCC26XX.oem3 (.text:Power_getDependencyCount)
                  000079e8    0000000c     rf_multiMode_cc13x0.aem3 : RFCC26XX_multiMode.oem3 (.text:RF_powerConstraintGet)
                  000079f4    0000000c     nortos_cc13x0.aem3 : SwiP_nortos.oem3 (.text:SwiP_getTrigger)
                  00007a00    0000000c                        : TimerPCC26XX_nortos.oem3 (.text:TimerP_getFreq)
                  00007a0c    0000000c     rtsv7M3_T_le_eabi.lib : copy_zero_init.c.obj (.text:decompress:ZI:__TI_zero_init)
                  00007a18    0000000c     drivers_cc13x0.aem3 : SPICC26XXDMA.oem3 (.text:spiPostNotify)
                  00007a24    0000000a                         : UDMACC26XX.oem3 (.text:UDMACC26XX_hwiIntFxn)
                  00007a2e    00000008     CC1310_LAUNCHXL.obj (.text:Board_init)
                  00007a36    00000008     CC1310_LAUNCHXL_fxns.obj (.text:Board_initHook)
                  00007a3e    00000008     drivers_cc13x0.aem3 : GPTimerCC26XX.oem3 (.text:GPTimerCC26XX_setLoadValue)
                  00007a46    00000008     nortos_cc13x0.aem3 : HwiPCC26XX_nortos.oem3 (.text:HwiP_restore)
                  00007a4e    00000008     drivers_cc13x0.aem3 : SPICC26XXDMA.oem3 (.text:SPICC26XXDMA_transferCallback)
                  00007a56    00000008     smartrf_settings.obj (.text:rf_patch_cpe_genfsk)
                  00007a5e    00000008     smartrf_settings_predefined.obj (.text:rf_patch_cpe_genfsk)
                  00007a66    00000008     smartrf_settings_predefined.obj (.text:rf_patch_cpe_lrm)
                  00007a6e    00000008     smartrf_settings_predefined.obj (.text:rf_patch_cpe_sl_longrange)
                  00007a76    00000006     nortos_cc13x0.aem3 : ClockPTimer_nortos.oem3 (.text:ClockP_stop)
                  00007a7c    00000006     driverlib.lib : cpu.obj (.text:NOROM_CPUdelay)
                  00007a82    00000006     nortos_cc13x0.aem3 : QueueP_nortos.oem3 (.text:QueueP_init)
                  00007a88    00000006     rf_multiMode_cc13x0.aem3 : RFCC26XX_multiMode.oem3 (.text:RF_clkReqAccess)
                  00007a8e    00000004     nortos_cc13x0.aem3 : PowerCC26XX_nortos.oem3 (.text:CPUwfi)
                  00007a92    00000004                        : ClockPTimer_nortos.oem3 (.text:ClockP_isActive)
                  00007a96    00000004                        : ClockPTimer_nortos.oem3 (.text:ClockP_setTimeout)
                  00007a9a    00000004                        : HwiPCC26XX_nortos.oem3 (.text:HwiP_enable)
                  00007a9e    00000004     driverlib.lib : rfc.obj (.text:NOROM_RFCOverrideUpdate)
                  00007aa2    00000004     drivers_cc13x0.aem3 : PowerCC26XX.oem3 (.text:PowerCC26XX_switchXOSC_HF)
                  00007aa6    00000004     nortos_cc13x0.aem3 : QueueP_nortos.oem3 (.text:QueueP_head)
                  00007aaa    00000004                        : QueueP_nortos.oem3 (.text:QueueP_next)
                  00007aae    00000004                        : TimerPCC26XX_nortos.oem3 (.text:TimerP_getCount64)
                  00007ab2    00000004     rtsv7M3_T_le_eabi.lib : pre_init.c.obj (.text:_system_pre_init)
                  00007ab6    00000004                           : exit.c.obj (.text:abort:abort)
                  00007aba    00000004     drivers_cc13x0.aem3 : PowerCC26XX.oem3 (.text:nopResourceHandler)
                  00007abe    00000002     smartrf_settings_predefined.obj (.text:enterLrmSysPatch)
                  00007ac0    00000002     smartrf_settings_predefined.obj (.text:enterSlLongrangeSysPatch)
                  00007ac2    00000002     nortos_cc13x0.aem3 : startup_cc13xx_cc26xx_ccs.oem3 (.text:faultISR)
                  00007ac4    00000002                        : startup_cc13xx_cc26xx_ccs.oem3 (.text:intDefaultHandler)
                  00007ac6    00000002                        : startup_cc13xx_cc26xx_ccs.oem3 (.text:nmiISR)
                  00007ac8    00000002     rtsv7M3_T_le_eabi.lib : div0.asm.obj (.text)

.const     0    00007acc    000031b4     
                  00007acc    000006b4     smartrf_settings.obj (.const:patchGenfskRfe)
                  00008180    000006b4     smartrf_settings_predefined.obj (.const:patchGenfskRfe)
                  00008834    000006b4     smartrf_settings_predefined.obj (.const:patchLrmRfe)
                  00008ee8    000006b4     smartrf_settings_predefined.obj (.const:patchSl_longrangeRfe)
                  0000959c    00000400     smartrf_settings.obj (.const:patchImageGenfsk)
                  0000999c    00000400     smartrf_settings_predefined.obj (.const:patchImageGenfsk)
                  00009d9c    00000400     smartrf_settings_predefined.obj (.const:patchImageLrm)
                  0000a19c    00000400     smartrf_settings_predefined.obj (.const:patchImageSlLongrange)
                  0000a59c    00000400     smartrf_settings_predefined.obj (.const:patchSl_longrangeMce)
                  0000a99c    00000060     CC1310_LAUNCHXL.obj (.const:GPTimerCC26XX_config)
                  0000a9fc    00000060     CC1310_LAUNCHXL.obj (.const:gptimerCC26xxHWAttrs)
                  0000aa5c    0000004c     drivers_cc13x0.aem3 : PowerCC26XX.oem3 (.const:resourceDB)
                  0000aaa8    00000040     CC1310_LAUNCHXL.obj (.const:spiCC26XXDMAHWAttrs)
                  0000aae8    00000038     drivers_cc13x0.aem3 : SPICC26XXDMA.oem3 (.const:$O1$$)
                  0000ab20    0000002c     CC1310_LAUNCHXL.obj (.const:BoardGpioInitTable)
                  0000ab4c    00000024     drivers_cc13x0.aem3 : GPTimerCC26XX.oem3 (.const:$O1$$)
                  0000ab70    00000020     SPI.obj (.const:SPI_defaultParams)
                  0000ab90    0000001c     rf_multiMode_cc13x0.aem3 : RFCC26XX_multiMode.oem3 (.const:RF_defaultParams)
                  0000abac    00000018     CC1310_LAUNCHXL.obj (.const:PowerCC26XX_config)
                  0000abc4    00000018     drivers_cc13x0.aem3 : SPICC26XXDMA.oem3 (.const:SPICC26XXDMA_fxnTable)
                  0000abdc    00000018     CC1310_LAUNCHXL.obj (.const:SPI_config)
                  0000abf4    00000018     driverlib.lib : rfc.obj (.const:rfc_defaultIrqAddr)
                  0000ac0c    00000014     CC1310_LAUNCHXL_fxns.obj (.const:$P$T1$2)
                  0000ac20    00000012     CC1310_LAUNCHXL.obj (.const)
                  0000ac32    00000001     easylink_config.obj (.const)
                  0000ac33    00000001     --HOLE-- [fill = 0]
                  0000ac34    00000010     EasyLink_nortos.obj (.const:EasyLink_defaultParams)
                  0000ac44    00000010     nortos_cc13x0.aem3 : SwiP_nortos.oem3 (.const:SwiP_defaultParams)
                  0000ac54    0000000c     CC1310_LAUNCHXL.obj (.const:RFCC26XX_hwAttrs)
                  0000ac60    00000008     CC1310_LAUNCHXL_fxns.obj (.const:$P$T0$1)
                  0000ac68    00000008     CC1310_LAUNCHXL.obj (.const:PINCC26XX_hwAttrs)
                  0000ac70    00000008     CC1310_LAUNCHXL.obj (.const:UDMACC26XX_config)
                  0000ac78    00000008     CC1310_LAUNCHXL.obj (.const:udmaHWAttrs)

.cinit     0    0000ac88    00000350     
                  0000ac88    000002db     (.cinit..data.load) [load image, compression = lzss]
                  0000af63    00000001     --HOLE-- [fill = 0]
                  0000af64    0000000c     (__TI_handler_table)
                  0000af70    00000008     (.cinit..TI.bound:dmaSpi0RxControlTableEntry.load) [load image, compression = zero_init]
                  0000af78    00000008     (.cinit..TI.bound:dmaSpi0TxControlTableEntry.load) [load image, compression = zero_init]
                  0000af80    00000008     (.cinit..TI.bound:dmaSpi1RxControlTableEntry.load) [load image, compression = zero_init]
                  0000af88    00000008     (.cinit..TI.bound:dmaSpi1TxControlTableEntry.load) [load image, compression = zero_init]
                  0000af90    00000008     (.cinit..bss.load) [load image, compression = zero_init]
                  0000af98    00000008     (.cinit..vtable_ram.load) [load image, compression = zero_init]
                  0000afa0    00000038     (__TI_cinit_table)

.init_array 
*          0    00000000    00000000     UNINITIALIZED

.ccfg      0    0001ffa8    00000058     
                  0001ffa8    00000058     ccfg.obj (.ccfg:retain)

.sysmem    0    20000000    00000100     UNINITIALIZED
                  20000000    00000010     rtsv7M3_T_le_eabi.lib : memory.c.obj (.sysmem)
                  20000010    000000f0     --HOLE--

.vtable_ram 
*          0    20000100    000000c8     UNINITIALIZED
                  20000100    000000c8     driverlib.lib : interrupt.obj (.vtable_ram)

.TI.bound:dmaSpi0RxControlTableEntry 
*          0    20000430    00000010     UNINITIALIZED
                  20000430    00000010     drivers_cc13x0.aem3 : SPICC26XXDMA.oem3 (.TI.bound:dmaSpi0RxControlTableEntry)

.TI.bound:dmaSpi1RxControlTableEntry 
*          0    20000500    00000010     UNINITIALIZED
                  20000500    00000010     drivers_cc13x0.aem3 : SPICC26XXDMA.oem3 (.TI.bound:dmaSpi1RxControlTableEntry)

.bss       0    20000520    00000b68     UNINITIALIZED
                  20000520    000003d8     rf_multiMode_cc13x0.aem3 : RFCC26XX_multiMode.oem3 (.bss:$O1$$)
                  200008f8    000001c8     (.common:spiCC26XXDMAObjects)
                  20000ac0    00000120     (.common:gptimerCC26XXObjects)
                  20000be0    000000c8     (.common:TxBufferToDAC)
                  20000ca8    000000a8     EasyLink_nortos.obj (.bss:rfObject)
                  20000d50    00000098     EasyLink_nortos.obj (.bss:rxBuffer)
                  20000de8    00000098     EasyLink_nortos.obj (.bss:rxPacket$3)
                  20000e80    0000003c     nortos_cc13x0.aem3 : SwiP_nortos.oem3 (.bss:$O1$$)
                  20000ebc    00000030     EasyLink_nortos.obj (.bss:EasyLink_cmdPropRxAdv)
                  20000eec    00000028     EasyLink_nortos.obj (.bss:EasyLink_cmdPropRadioSetup)
                  20000f14    00000020     EasyLink_nortos.obj (.bss:EasyLink_cmdPropTxAdv)
                  20000f34    00000020     (.common:spiParams)
                  20000f54    00000020     (.common:udmaObjects)
                  20000f74    0000001c     EasyLink_nortos.obj (.bss:EasyLink_cmdPropCs)
                  20000f90    0000001c     EasyLink_nortos.obj (.bss:rfParams)
                  20000fac    00000018     EasyLink_nortos.obj (.bss:EasyLink_cmdFs)
                  20000fc4    00000018     (.common:transaction)
                  20000fdc    00000014     EasyLink_nortos.obj (.bss)
                  20000ff0    00000014     rf_multiMode_cc13x0.aem3 : RFCC26XX_multiMode.oem3 (.bss:RF_ratSyncCmd)
                  20001004    00000014     driverlib.lib : osc.obj (.bss:oscHfGlobals)
                  20001018    00000010     EasyLink_nortos.obj (.bss:EasyLink_RF_prop)
                  20001028    00000010     EasyLink_nortos.obj (.bss:EasyLink_params)
                  20001038    0000000d     nortos_cc13x0.aem3 : SwiP_nortos.oem3 (.bss)
                  20001045    00000003     (.common:adpcm_state)
                  20001048    0000000c     rfEasyLinkRx_nortos.obj (.bss:pinState)
                  20001054    0000000c     EasyLink_nortos.obj (.bss:rxStatistics)
                  20001060    00000008     EasyLink_nortos.obj (.bss:dataQueue)
                  20001068    00000008     driverlib.lib : sys_ctrl.obj (.bss:powerQualGlobals)
                  20001070    00000006     rfEasyLinkRx_nortos.obj (.bss)
                  20001076    00000001     rf_multiMode_cc13x0.aem3 : RFCC26XX_multiMode.oem3 (.bss)
                  20001077    00000001     (.common:driverlib_release_0_55724)
                  20001078    00000004     nortos_cc13x0.aem3 : PowerCC26XX_nortos.oem3 (.bss)
                  2000107c    00000004     (.common:hTimer)
                  20001080    00000004     (.common:rxTimeoutVal)
                  20001084    00000004     (.common:spiHandle)

.data      0    20001088    000008e0     UNINITIALIZED
                  20001088    00000114     drivers_cc13x0.aem3 : PINCC26XX.oem3 (.data:$O1$$)
                  2000119c    00000114                         : PowerCC26XX.oem3 (.data:PowerCC26XX_module)
                  200012b0    000000d0     nortos_cc13x0.aem3 : HwiPCC26XX_nortos.oem3 (.data:$O1$$)
                  20001380    000000c0                        : ClockPTimer_nortos.oem3 (.data:$O1$$)
                  20001440    000000b2     adpcm.obj (.data:StepSizeTable)
                  200014f2    00000001     SPI.obj (.data)
                  200014f3    00000001     nortos_cc13x0.aem3 : SwiP_nortos.oem3 (.data)
                  200014f4    00000090     easylink_config.obj (.data:EasyLink_supportedPhys)
                  20001584    00000064     smartrf_settings_predefined.obj (.data:pOverrides_sl_lr)
                  200015e8    00000058     smartrf_settings_predefined.obj (.data:pOverrides_lrm)
                  20001640    00000055     smartrf_settings_predefined.obj (.data:RF_PROP_txPowerTable)
                  20001695    00000003     --HOLE--
                  20001698    00000054     smartrf_settings.obj (.data:pOverrides)
                  200016ec    00000054     smartrf_settings_predefined.obj (.data:pOverrides_fsk)
                  20001740    00000040     EasyLink_nortos.obj (.data:addrFilterTable)
                  20001780    00000030     nortos_cc13x0.aem3 : TimerPCC26XX_nortos.oem3 (.data:$O1$$)
                  200017b0    00000030     smartrf_settings_predefined.obj (.data:RF_cmdPropRxAdv_preDef)
                  200017e0    00000028     smartrf_settings.obj (.data:RF_cmdPropRadioDivSetup)
                  20001808    00000028     smartrf_settings_predefined.obj (.data:RF_cmdPropRadioDivSetup_fsk)
                  20001830    00000028     smartrf_settings_predefined.obj (.data:RF_cmdPropRadioDivSetup_lrm)
                  20001858    00000028     smartrf_settings_predefined.obj (.data:RF_cmdPropRadioDivSetup_sl_lr)
                  20001880    00000019     EasyLink_nortos.obj (.data)
                  20001899    00000003     --HOLE--
                  2000189c    00000018     smartrf_settings.obj (.data:RF_cmdFs)
                  200018b4    00000018     smartrf_settings_predefined.obj (.data:RF_cmdFs_preDef)
                  200018cc    00000018     smartrf_settings.obj (.data:RF_cmdPropTx)
                  200018e4    00000010     adpcm.obj (.data:IndexTable)
                  200018f4    00000010     smartrf_settings.obj (.data:RF_prop)
                  20001904    00000010     smartrf_settings_predefined.obj (.data:RF_prop_fsk)
                  20001914    00000010     smartrf_settings_predefined.obj (.data:RF_prop_lrm)
                  20001924    00000010     smartrf_settings_predefined.obj (.data:RF_prop_sl_lr)
                  20001934    00000010     rfEasyLinkRx_nortos.obj (.data)
                  20001944    0000000c     nortos_cc13x0.aem3 : SemaphoreP_nortos.oem3 (.data:$O1$$)
                  20001950    0000000c     rfEasyLinkRx_nortos.obj (.data:pinTable)
                  2000195c    00000008     rtsv7M3_T_le_eabi.lib : _lock.c.obj (.data:$O1$$)
                  20001964    00000004                           : rand.c.obj (.data)

.stack     0    20004c00    00000400     UNINITIALIZED
                  20004c00    00000004     rtsv7M3_T_le_eabi.lib : boot_cortex_m.c.obj (.stack)
                  20004c04    000003fc     --HOLE--

.TI.bound:dmaSpi0TxControlTableEntry 
*          0    20000440    00000010     UNINITIALIZED
                  20000440    00000010     drivers_cc13x0.aem3 : SPICC26XXDMA.oem3 (.TI.bound:dmaSpi0TxControlTableEntry)

.TI.bound:dmaSpi1TxControlTableEntry 
*          0    20000510    00000010     UNINITIALIZED
                  20000510    00000010     drivers_cc13x0.aem3 : SPICC26XXDMA.oem3 (.TI.bound:dmaSpi1TxControlTableEntry)

.binit     0    00000000    00000000     

.args      0    0000ac80    00000008     
                  0000ac80    00000008     --HOLE-- [fill = 0]

MODULE SUMMARY

       Module                            code    ro data   rw data
       ------                            ----    -------   -------
    .\
       CC1310_LAUNCHXL.obj               36      402       776    
       rfEasyLinkRx_nortos.obj           836     0         114    
       adpcm.obj                         564     0         197    
       CC1310_LAUNCHXL_fxns.obj          280     28        0      
       SPI.obj                           242     32        1      
       samples.obj                       0       0         200    
       ccfg.obj                          0       88        0      
       main_nortos.obj                   18      0         0      
    +--+---------------------------------+-------+---------+---------+
       Total:                            1976    550       1288   
                                                                  
    .\easylink\
       EasyLink_nortos.obj               2832    16        833    
       easylink_config.obj               0       1         144    
    +--+---------------------------------+-------+---------+---------+
       Total:                            2832    17        977    
                                                                  
    .\smartrf_settings\
       smartrf_settings_predefined.obj   1678    9244      597    
       smartrf_settings.obj              494     2740      188    
    +--+---------------------------------+-------+---------+---------+
       Total:                            2172    11984     785    
                                                                  
    C:/ti/simplelink_cc13x0_sdk_3_20_00_23/kernel/nortos/lib/nortos_cc13x0.aem3
       ClockPTimer_nortos.oem3           902     0         192    
       SwiP_nortos.oem3                  704     16        74     
       TimerPCC26XX_nortos.oem3          606     0         48     
       HwiPCC26XX_nortos.oem3            316     0         208    
       SemaphoreP_nortos.oem3            342     0         12     
       PowerCC26XX_nortos.oem3           288     0         4      
       startup_cc13xx_cc26xx_ccs.oem3    26      200       0      
       QueueP_nortos.oem3                96      0         0      
    +--+---------------------------------+-------+---------+---------+
       Total:                            3280    216       538    
                                                                  
    C:/ti/simplelink_cc13x0_sdk_3_20_00_23/source/ti/devices/cc13x0/driverlib/bin/ccs/driverlib.lib
       setup_rom.obj                     1456    0         0      
       sys_ctrl.obj                      760     0         8      
       rfc.obj                           694     24        0      
       osc.obj                           388     0         20     
       setup.obj                         364     0         0      
       interrupt.obj                     74      0         200    
       chipinfo.obj                      182     0         0      
       aon_rtc.obj                       44      0         0      
       ddi.obj                           44      0         0      
       adi.obj                           40      0         0      
       aon_batmon.obj                    40      0         0      
       cpu.obj                           30      0         0      
       vims.obj                          14      0         0      
       driverlib_release.obj             0       0         1      
    +--+---------------------------------+-------+---------+---------+
       Total:                            4130    24        229    
                                                                  
    C:/ti/simplelink_cc13x0_sdk_3_20_00_23/source/ti/drivers/lib/drivers_cc13x0.aem3
       SPICC26XXDMA.oem3                 2448    80        64     
       PowerCC26XX.oem3                  2144    76        276    
       PINCC26XX.oem3                    1530    0         276    
       PowerCC26XX_calibrateRCOSC.oem3   1380    0         0      
       GPTimerCC26XX.oem3                642     36        0      
       List.oem3                         192     0         0      
       UDMACC26XX.oem3                   156     0         0      
    +--+---------------------------------+-------+---------+---------+
       Total:                            8492    192       616    
                                                                  
    C:/ti/simplelink_cc13x0_sdk_3_20_00_23/source/ti/drivers/rf/lib/rf_multiMode_cc13x0.aem3
       RFCC26XX_multiMode.oem3           7578    28        1005   
    +--+---------------------------------+-------+---------+---------+
       Total:                            7578    28        1005   
                                                                  
    C:\ti\ccs901\ccs\tools\compiler\ti-cgt-arm_18.12.2.LTS\lib\rtsv7M3_T_le_eabi.lib
       memcpy_t2.asm.obj                 156     0         0      
       ull_div_t2.asm.obj                150     0         0      
       memset_t2.asm.obj                 122     0         0      
       copy_decompress_lzss.c.obj        104     0         0      
       autoinit.c.obj                    68      0         0      
       rand.c.obj                        52      0         4      
       boot_cortex_m.c.obj               36      0         0      
       args_main.c.obj                   24      0         0      
       ll_mul_t2.asm.obj                 24      0         0      
       copy_decompress_none.c.obj        14      0         0      
       copy_zero_init.c.obj              12      0         0      
       _lock.c.obj                       2       0         8      
       exit.c.obj                        4       0         0      
       pre_init.c.obj                    4       0         0      
       div0.asm.obj                      2       0         0      
    +--+---------------------------------+-------+---------+---------+
       Total:                            774     0         12     
                                                                  
       Heap:                             0       0         256    
       Stack:                            0       0         1024   
       Linker Generated:                 0       847       0      
    +--+---------------------------------+-------+---------+---------+
       Grand Total:                      31234   13858     6730   


LINKER GENERATED COPY TABLES

__TI_cinit_table @ 0000afa0 records: 7, size/record: 8, table size: 56
	.data: load addr=0000ac88, load size=000002db bytes, run addr=20001088, run size=000008e0 bytes, compression=lzss
	.TI.bound:dmaSpi0RxControlTableEntry: load addr=0000af70, load size=00000008 bytes, run addr=20000430, run size=00000010 bytes, compression=zero_init
	.TI.bound:dmaSpi0TxControlTableEntry: load addr=0000af78, load size=00000008 bytes, run addr=20000440, run size=00000010 bytes, compression=zero_init
	.TI.bound:dmaSpi1RxControlTableEntry: load addr=0000af80, load size=00000008 bytes, run addr=20000500, run size=00000010 bytes, compression=zero_init
	.TI.bound:dmaSpi1TxControlTableEntry: load addr=0000af88, load size=00000008 bytes, run addr=20000510, run size=00000010 bytes, compression=zero_init
	.bss: load addr=0000af90, load size=00000008 bytes, run addr=20000520, run size=00000b68 bytes, compression=zero_init
	.vtable_ram: load addr=0000af98, load size=00000008 bytes, run addr=20000100, run size=000000c8 bytes, compression=zero_init


LINKER GENERATED HANDLER TABLE

__TI_handler_table @ 0000af64 records: 3, size/record: 4, table size: 12
	index: 0, handler: __TI_zero_init
	index: 1, handler: __TI_decompress_lzss
	index: 2, handler: __TI_decompress_none


GLOBAL SYMBOLS: SORTED ALPHABETICALLY BY Name 

address   name                                                        
-------   ----                                                        
0000ac20  ADCBuf_count                                                
0000ac21  ADC_count                                                   
000017b5  ADPCMDecoder                                                
0000ac24  AESCBC_count                                                
0000ac22  AESCCM_count                                                
0000ac27  AESCTRDRBG_count                                            
0000ac25  AESCTR_count                                                
0000ac26  AESECB_count                                                
0000ac23  AESGCM_count                                                
0000ab20  BoardGpioInitTable                                          
00007a2f  Board_init                                                  
00007a37  Board_initHook                                              
00007ab7  C$$EXIT                                                     
00007221  CC1310_LAUNCHXL_initGeneral                                 
00005079  CC1310_LAUNCHXL_sendExtFlashByte                            
000064f9  CC1310_LAUNCHXL_shutDownExtFlash                            
00006301  CC1310_LAUNCHXL_wakeUpExtFlash                              
000077e5  ClockP_Params_init                                          
00007089  ClockP_add                                                  
000063e5  ClockP_construct                                            
0000742b  ClockP_destruct                                             
00007989  ClockP_doTick                                               
000077f5  ClockP_getCpuFreq                                           
00006e99  ClockP_getTicks                                             
0000691d  ClockP_getTicksUntilInterrupt                               
00007443  ClockP_getTimeout                                           
00007a93  ClockP_isActive                                             
00006ebd  ClockP_scheduleNextTick                                     
00007a97  ClockP_setTimeout                                           
00005181  ClockP_start                                                
000048fd  ClockP_startup                                              
00007a77  ClockP_stop                                                 
20001384  ClockP_tickPeriod                                           
000053f1  ClockP_walkQueueDynamic                                     
00004339  ClockP_workFuncDynamic                                      
0000ac29  Display_count                                               
00007695  EasyLink_Params_init                                        
00004531  EasyLink_abort                                              
000000c9  EasyLink_init                                               
0000ac32  EasyLink_numSupportedPhys                                   
00001ba9  EasyLink_receiveAsync                                       
200014f4  EasyLink_supportedPhys                                      
000077ad  GPTimerCC26XX_Params_init                                   
0000a99c  GPTimerCC26XX_config                                        
00006af1  GPTimerCC26XX_configureDebugStall                           
00006ee1  GPTimerCC26XX_enableInterrupt                               
00003bc1  GPTimerCC26XX_open                                          
0000634d  GPTimerCC26XX_registerInterrupt                             
00007a3f  GPTimerCC26XX_setLoadValue                                  
00006399  GPTimerCC26XX_start                                         
000077bf  HwiP_Params_init                                            
00005379  HwiP_construct                                              
0000723d  HwiP_destruct                                               
00007805  HwiP_disable                                                
00007a9b  HwiP_enable                                                 
00007815  HwiP_enableInterrupt                                        
0000745d  HwiP_inISR                                                  
00007825  HwiP_post                                                   
00007a47  HwiP_restore                                                
0000763b  HwiP_setFunc                                                
200012b4  HwiP_swiPIntNum                                             
0000ac2a  I2C_count                                                   
0000ac2b  I2S_count                                                   
200018e4  IndexTable                                                  
000076a9  List_clearList                                              
00007001  List_get                                                    
00007023  List_insert                                                 
00007045  List_put                                                    
00007067  List_putHead                                                
00006f05  List_remove                                                 
00006dd1  NOROM_AONBatMonTemperatureGetDegC                           
000076bd  NOROM_AONRTCCurrent64BitValueGet                            
00007475  NOROM_AONRTCCurrentCompareValueGet                          
00007995  NOROM_CPUcpsid                                              
000079a1  NOROM_CPUcpsie                                              
00007a7d  NOROM_CPUdelay                                              
00007259  NOROM_ChipInfo_GetChipFamily                                
00006b21  NOROM_ChipInfo_GetChipType                                  
000065b9  NOROM_ChipInfo_GetHwRevision                                
0000748d  NOROM_ChipInfo_GetPackageType                               
00006cc9  NOROM_DDI32RegWrite                                         
00006985  NOROM_IntRegister                                           
000076d1  NOROM_IntUnregister                                         
00006cf5  NOROM_OSCClockSourceGet                                     
00005bc9  NOROM_OSCClockSourceSet                                     
00005a39  NOROM_OSCHF_AttemptToSwitchToXosc                           
000069b9  NOROM_OSCHF_SwitchToRcOscTurnOffXosc                        
000074a5  NOROM_OSCHF_TurnOnXosc                                      
000065f5  NOROM_OSC_HPOSCRelativeFrequencyOffsetGet                   
000079ad  NOROM_OSC_HPOSCRelativeFrequencyOffsetToRFCoreFormatConvert 
000070c9  NOROM_RFCAdi3VcoLdoVoltageMode                              
000074bd  NOROM_RFCCpeIntGetAndClear                                  
00006d21  NOROM_RFCCpePatchReset                                      
00006f29  NOROM_RFCDoorbellSendTo                                     
00007835  NOROM_RFCHwIntGetAndClear                                   
00006c41  NOROM_RFCOverrideSearch                                     
00007a9f  NOROM_RFCOverrideUpdate                                     
00003c91  NOROM_RFCRTrim                                              
00003a19  NOROM_RFCRfTrimRead                                         
00007845  NOROM_RFCRfTrimSet                                          
00006631  NOROM_RFCSynthPowerDown                                     
000045d5  NOROM_SetupAfterColdResetWakeupFromShutDownCfg1             
000034ad  NOROM_SetupAfterColdResetWakeupFromShutDownCfg2             
00002c01  NOROM_SetupAfterColdResetWakeupFromShutDownCfg3             
000074d5  NOROM_SetupGetTrimForAdcShModeEn                            
000074ed  NOROM_SetupGetTrimForAdcShVbufEn                            
00005691  NOROM_SetupGetTrimForAmpcompCtrl                            
00007505  NOROM_SetupGetTrimForAmpcompTh1                             
00007275  NOROM_SetupGetTrimForAmpcompTh2                             
000056f9  NOROM_SetupGetTrimForAnabypassValue1                        
0000751d  NOROM_SetupGetTrimForDblrLoopFilterResetVoltage             
00006d4d  NOROM_SetupGetTrimForRadcExtCfg                             
00007535  NOROM_SetupGetTrimForRcOscLfIBiasTrim                       
00007291  NOROM_SetupGetTrimForRcOscLfRtuneCtuneTrim                  
000070e9  NOROM_SetupGetTrimForXoscHfCtl                              
00007855  NOROM_SetupGetTrimForXoscHfFastStart                        
00007865  NOROM_SetupGetTrimForXoscHfIbiastherm                       
0000754d  NOROM_SetupGetTrimForXoscLfRegulatorAndCmirrwrRatio         
00006b51  NOROM_SetupSetAonRtcSubSecInc                               
000061c1  NOROM_SetupSetCacheModeAccordingToCcfgSetting               
00005465  NOROM_SetupSetVddrLevel                                     
000043e1  NOROM_SetupTrimDevice                                       
00005761  NOROM_SysCtrlAdjustRechargeAfterPowerDown                   
00001369  NOROM_SysCtrlSetRechargeBeforePowerDown                     
000057c9  NOROM_SysCtrl_DCDC_VoltageConditionalControl                
00007651  NOROM_ThisLibraryIsFor_CC13x0_HwRev20AndLater_HaltIfViolated
00007935  NOROM_VIMSModeGet                                           
0000ac2c  NVS_count                                                   
00007a9b  NoRTOS_start                                                
00006539  PINCC26XX_getConfig                                         
00007875  PINCC26XX_getPinCount                                       
0000ac68  PINCC26XX_hwAttrs                                           
00006b81  PINCC26XX_setMux                                            
00005831  PIN_add                                                     
000071a9  PIN_close                                                   
00007565  PIN_getConfig                                               
000076e5  PIN_getOutputValue                                          
00001d69  PIN_init                                                    
0000471d  PIN_open                                                    
000079b9  PIN_registerIntCb                                           
00005f69  PIN_remove                                                  
00006799  PIN_setConfig                                               
000067d1  PIN_setInterrupt                                            
00006809  PIN_setOutputValue                                          
0000ac2d  PWM_count                                                   
00005ce9  PowerCC26XX_RCOSC_clockFunc                                 
00000b9d  PowerCC26XX_auxISR                                          
00005c29  PowerCC26XX_calibrate                                       
0000abac  PowerCC26XX_config                                          
000020c9  PowerCC26XX_doCalibrate                                     
000055b9  PowerCC26XX_initiateCalibration                             
0000666d  PowerCC26XX_isStableXOSC_HF                                 
2000119c  PowerCC26XX_module                                          
00007885  PowerCC26XX_schedulerDisable                                
000079c5  PowerCC26XX_schedulerRestore                                
000033ad  PowerCC26XX_standbyPolicy                                   
00007aa3  PowerCC26XX_switchXOSC_HF                                   
000076f9  Power_disablePolicy                                         
00007895  Power_enablePolicy                                          
000079d1  Power_getConstraintMask                                     
000079dd  Power_getDependencyCount                                    
000071c7  Power_getTransitionLatency                                  
0000757d  Power_idleFunc                                              
0000307d  Power_init                                                  
00006df9  Power_registerNotify                                        
000069ed  Power_releaseConstraint                                     
00003fb1  Power_releaseDependency                                     
00006bb1  Power_setConstraint                                         
00004125  Power_setDependency                                         
00001591  Power_sleep                                                 
00007129  Power_unregisterNotify                                      
00007943  QueueP_empty                                                
000073e1  QueueP_get                                                  
00007aa7  QueueP_head                                                 
00007a83  QueueP_init                                                 
00007aab  QueueP_next                                                 
000072c9  QueueP_put                                                  
00007951  QueueP_remove                                               
0000ac54  RFCC26XX_hwAttrs                                            
20001640  RF_PROP_txPowerTable                                        
0000770d  RF_Params_init                                              
00007595  RF_cancelCmd                                                
00003191  RF_close                                                    
2000189c  RF_cmdFs                                                    
200018b4  RF_cmdFs_preDef                                             
200017e0  RF_cmdPropRadioDivSetup                                     
20001808  RF_cmdPropRadioDivSetup_fsk                                 
20001830  RF_cmdPropRadioDivSetup_lrm                                 
20001858  RF_cmdPropRadioDivSetup_sl_lr                               
200017b0  RF_cmdPropRxAdv_preDef                                      
200018cc  RF_cmdPropTx                                                
00005c89  RF_getCurrentTime                                           
000019d1  RF_open                                                     
00003aed  RF_pendCmd                                                  
0000406d  RF_postCmd                                                  
000079e9  RF_powerConstraintGet                                       
00006879  RF_powerConstraintRelease                                   
00007301  RF_powerConstraintSet                                       
200018f4  RF_prop                                                     
20001904  RF_prop_fsk                                                 
20001914  RF_prop_lrm                                                 
20001924  RF_prop_sl_lr                                               
00006e21  RF_runCmd                                                   
00000ea9  RF_scheduleCmd                                              
20001943  RxBufferCounter                                             
0000ac2e  SD_count                                                    
0000616d  SPICC26XXDMA_close                                          
00004c91  SPICC26XXDMA_control                                        
0000abc4  SPICC26XXDMA_fxnTable                                       
0000796d  SPICC26XXDMA_init                                           
00002e49  SPICC26XXDMA_open                                           
00001131  SPICC26XXDMA_transfer                                       
0000385d  SPICC26XXDMA_transferCancel                                 
000060c5  SPI_FN                                                      
000075c5  SPI_Params_init                                             
00006119  SPI_SEND_TO_DMA                                             
0000abdc  SPI_config                                                  
0000ac2f  SPI_count                                                   
0000ab70  SPI_defaultParams                                           
00005899  SPI_init                                                    
00005dfd  SPI_open                                                    
0000767d  SPI_transfer                                                
00006e71  SafeHapiVoid                                                
000078c5  SemaphoreP_Params_init                                      
000062b1  SemaphoreP_construct                                        
00007203  SemaphoreP_constructBinary                                  
20001948  SemaphoreP_defaultParams                                    
00005377  SemaphoreP_destruct                                         
00004ad1  SemaphoreP_pend                                             
00006721  SemaphoreP_post                                             
2000193e  SendDataToDACTrigger                                        
20001440  StepSizeTable                                               
000078d5  SwiP_Params_init                                            
00003941  SwiP_construct                                              
00006a21  SwiP_destruct                                               
0000731d  SwiP_disable                                                
0000485d  SwiP_dispatch                                               
000079f5  SwiP_getTrigger                                             
00007339  SwiP_or                                                     
00005901  SwiP_post                                                   
00006471  SwiP_restore                                                
0000ac28  TRNG_count                                                  
000078e5  TimerP_Params_init                                          
00004289  TimerP_construct                                            
00007355  TimerP_dynamicStub                                          
00007aaf  TimerP_getCount64                                           
00006be1  TimerP_getCurrentTick                                       
00007a01  TimerP_getFreq                                              
00006fb9  TimerP_getMaxTicks                                          
00006a55  TimerP_initDevice                                           
000068b1  TimerP_setNextTick                                          
00006c11  TimerP_setThreshold                                         
00005549  TimerP_start                                                
00007771  TimerP_startup                                              
2000193c  Timer_counter                                               
20000be0  TxBufferToDAC                                               
20001942  TxBufferToDACSampleCounter                                  
0000ac30  UART_count                                                  
000068e7  UDMACC26XX_close                                            
0000ac70  UDMACC26XX_config                                           
00007a25  UDMACC26XX_hwiIntFxn                                        
00005e59  UDMACC26XX_open                                             
0000ac31  Watchdog_count                                              
20005000  __STACK_END                                                 
00000400  __STACK_SIZE                                                
00000100  __SYSMEM_SIZE                                               
0000afa0  __TI_CINIT_Base                                             
0000afd8  __TI_CINIT_Limit                                            
0000af64  __TI_Handler_Table_Base                                     
0000af70  __TI_Handler_Table_Limit                                    
000064b5  __TI_auto_init_nobinit_nopinit                              
00005969  __TI_decompress_lzss                                        
0000797b  __TI_decompress_none                                        
ffffffff  __TI_pprof_out_hndl                                         
ffffffff  __TI_prof_data_size                                         
ffffffff  __TI_prof_data_start                                        
00000000  __TI_static_base__                                          
00007a0d  __TI_zero_init                                              
00007ac9  __aeabi_idiv0                                               
00007ac9  __aeabi_ldiv0                                               
0000760d  __aeabi_lmul                                                
000052fd  __aeabi_memclr                                              
[...]
00005761  NOROM_SysCtrlAdjustRechargeAfterPowerDown                   
000057c9  NOROM_SysCtrl_DCDC_VoltageConditionalControl                
00005831  PIN_add                                                     
00005899  SPI_init                                                    
00005901  SwiP_post                                                   
00005969  __TI_decompress_lzss                                        
00005a39  NOROM_OSCHF_AttemptToSwitchToXosc                           
00005bc9  NOROM_OSCClockSourceSet                                     
00005c29  PowerCC26XX_calibrate                                       
00005c89  RF_getCurrentTime                                           
00005ce9  PowerCC26XX_RCOSC_clockFunc                                 
00005dfd  SPI_open                                                    
00005e59  UDMACC26XX_open                                             
00005eb5  createTxAdvFromTx                                           
00005f0f  _nop                                                        
00005f69  PIN_remove                                                  
000060c5  SPI_FN                                                      
00006119  SPI_SEND_TO_DMA                                             
0000616d  SPICC26XXDMA_close                                          
000061bf  clkFxn                                                      
000061c1  NOROM_SetupSetCacheModeAccordingToCcfgSetting               
000062b1  SemaphoreP_construct                                        
00006301  CC1310_LAUNCHXL_wakeUpExtFlash                              
0000634d  GPTimerCC26XX_registerInterrupt                             
00006399  GPTimerCC26XX_start                                         
000063e5  ClockP_construct                                            
00006471  SwiP_restore                                                
000064b5  __TI_auto_init_nobinit_nopinit                              
000064f9  CC1310_LAUNCHXL_shutDownExtFlash                            
00006539  PINCC26XX_getConfig                                         
000065b9  NOROM_ChipInfo_GetHwRevision                                
000065f5  NOROM_OSC_HPOSCRelativeFrequencyOffsetGet                   
00006631  NOROM_RFCSynthPowerDown                                     
0000666d  PowerCC26XX_isStableXOSC_HF                                 
00006721  SemaphoreP_post                                             
00006799  PIN_setConfig                                               
000067d1  PIN_setInterrupt                                            
00006809  PIN_setOutputValue                                          
00006879  RF_powerConstraintRelease                                   
000068b1  TimerP_setNextTick                                          
000068e7  UDMACC26XX_close                                            
0000691d  ClockP_getTicksUntilInterrupt                               
00006985  NOROM_IntRegister                                           
000069b9  NOROM_OSCHF_SwitchToRcOscTurnOffXosc                        
000069ed  Power_releaseConstraint                                     
00006a21  SwiP_destruct                                               
00006a55  TimerP_initDevice                                           
00006abd  rand                                                        
00006af1  GPTimerCC26XX_configureDebugStall                           
00006b21  NOROM_ChipInfo_GetChipType                                  
00006b51  NOROM_SetupSetAonRtcSubSecInc                               
00006b81  PINCC26XX_setMux                                            
00006bb1  Power_setConstraint                                         
00006be1  TimerP_getCurrentTick                                       
00006c11  TimerP_setThreshold                                         
00006c41  NOROM_RFCOverrideSearch                                     
00006cc9  NOROM_DDI32RegWrite                                         
00006cf5  NOROM_OSCClockSourceGet                                     
00006d21  NOROM_RFCCpePatchReset                                      
00006d4d  NOROM_SetupGetTrimForRadcExtCfg                             
00006dd1  NOROM_AONBatMonTemperatureGetDegC                           
00006df9  Power_registerNotify                                        
00006e21  RF_runCmd                                                   
00006e71  SafeHapiVoid                                                
00006e99  ClockP_getTicks                                             
00006ebd  ClockP_scheduleNextTick                                     
00006ee1  GPTimerCC26XX_enableInterrupt                               
00006f05  List_remove                                                 
00006f29  NOROM_RFCDoorbellSendTo                                     
00006fb9  TimerP_getMaxTicks                                          
00006fdd  _c_int00                                                    
00007001  List_get                                                    
00007023  List_insert                                                 
00007045  List_put                                                    
00007067  List_putHead                                                
00007089  ClockP_add                                                  
000070c9  NOROM_RFCAdi3VcoLdoVoltageMode                              
000070e9  NOROM_SetupGetTrimForXoscHfCtl                              
00007129  Power_unregisterNotify                                      
000071a9  PIN_close                                                   
000071c7  Power_getTransitionLatency                                  
00007203  SemaphoreP_constructBinary                                  
00007221  CC1310_LAUNCHXL_initGeneral                                 
0000723d  HwiP_destruct                                               
00007259  NOROM_ChipInfo_GetChipFamily                                
00007275  NOROM_SetupGetTrimForAmpcompTh2                             
00007291  NOROM_SetupGetTrimForRcOscLfRtuneCtuneTrim                  
000072c9  QueueP_put                                                  
00007301  RF_powerConstraintSet                                       
0000731d  SwiP_disable                                                
00007339  SwiP_or                                                     
00007355  TimerP_dynamicStub                                          
000073e1  QueueP_get                                                  
0000742b  ClockP_destruct                                             
00007443  ClockP_getTimeout                                           
0000745d  HwiP_inISR                                                  
00007475  NOROM_AONRTCCurrentCompareValueGet                          
0000748d  NOROM_ChipInfo_GetPackageType                               
000074a5  NOROM_OSCHF_TurnOnXosc                                      
000074bd  NOROM_RFCCpeIntGetAndClear                                  
000074d5  NOROM_SetupGetTrimForAdcShModeEn                            
000074ed  NOROM_SetupGetTrimForAdcShVbufEn                            
00007505  NOROM_SetupGetTrimForAmpcompTh1                             
0000751d  NOROM_SetupGetTrimForDblrLoopFilterResetVoltage             
00007535  NOROM_SetupGetTrimForRcOscLfIBiasTrim                       
0000754d  NOROM_SetupGetTrimForXoscLfRegulatorAndCmirrwrRatio         
00007565  PIN_getConfig                                               
0000757d  Power_idleFunc                                              
00007595  RF_cancelCmd                                                
000075c5  SPI_Params_init                                             
000075dd  _args_main                                                  
000075f5  init_adpcm                                                  
0000760d  __aeabi_lmul                                                
0000763b  HwiP_setFunc                                                
00007651  NOROM_ThisLibraryIsFor_CC13x0_HwRev20AndLater_HaltIfViolated
0000767d  SPI_transfer                                                
00007695  EasyLink_Params_init                                        
000076a9  List_clearList                                              
000076bd  NOROM_AONRTCCurrent64BitValueGet                            
000076d1  NOROM_IntUnregister                                         
000076e5  PIN_getOutputValue                                          
000076f9  Power_disablePolicy                                         
0000770d  RF_Params_init                                              
00007771  TimerP_startup                                              
00007799  resetISR                                                    
000077ad  GPTimerCC26XX_Params_init                                   
000077bf  HwiP_Params_init                                            
000077d1  main                                                        
000077e5  ClockP_Params_init                                          
000077f5  ClockP_getCpuFreq                                           
00007805  HwiP_disable                                                
00007815  HwiP_enableInterrupt                                        
00007825  HwiP_post                                                   
00007835  NOROM_RFCHwIntGetAndClear                                   
00007845  NOROM_RFCRfTrimSet                                          
00007855  NOROM_SetupGetTrimForXoscHfFastStart                        
00007865  NOROM_SetupGetTrimForXoscHfIbiastherm                       
00007875  PINCC26XX_getPinCount                                       
00007885  PowerCC26XX_schedulerDisable                                
00007895  Power_enablePolicy                                          
000078c5  SemaphoreP_Params_init                                      
000078d5  SwiP_Params_init                                            
000078e5  TimerP_Params_init                                          
00007935  NOROM_VIMSModeGet                                           
00007943  QueueP_empty                                                
00007951  QueueP_remove                                               
0000796d  SPICC26XXDMA_init                                           
0000797b  __TI_decompress_none                                        
00007989  ClockP_doTick                                               
00007995  NOROM_CPUcpsid                                              
000079a1  NOROM_CPUcpsie                                              
000079ad  NOROM_OSC_HPOSCRelativeFrequencyOffsetToRFCoreFormatConvert 
000079b9  PIN_registerIntCb                                           
000079c5  PowerCC26XX_schedulerRestore                                
000079d1  Power_getConstraintMask                                     
000079dd  Power_getDependencyCount                                    
000079e9  RF_powerConstraintGet                                       
000079f5  SwiP_getTrigger                                             
00007a01  TimerP_getFreq                                              
00007a0d  __TI_zero_init                                              
00007a25  UDMACC26XX_hwiIntFxn                                        
00007a2f  Board_init                                                  
00007a37  Board_initHook                                              
00007a3f  GPTimerCC26XX_setLoadValue                                  
00007a47  HwiP_restore                                                
00007a77  ClockP_stop                                                 
00007a7d  NOROM_CPUdelay                                              
00007a83  QueueP_init                                                 
00007a93  ClockP_isActive                                             
00007a97  ClockP_setTimeout                                           
00007a9b  HwiP_enable                                                 
00007a9b  NoRTOS_start                                                
00007a9f  NOROM_RFCOverrideUpdate                                     
00007aa3  PowerCC26XX_switchXOSC_HF                                   
00007aa7  QueueP_head                                                 
00007aab  QueueP_next                                                 
00007aaf  TimerP_getCount64                                           
00007ab3  _system_pre_init                                            
00007ab7  C$$EXIT                                                     
00007ab7  abort                                                       
00007ac9  __aeabi_idiv0                                               
00007ac9  __aeabi_ldiv0                                               
0000a99c  GPTimerCC26XX_config                                        
0000a9fc  gptimerCC26xxHWAttrs                                        
0000aa5c  resourceDB                                                  
0000aaa8  spiCC26XXDMAHWAttrs                                         
0000ab20  BoardGpioInitTable                                          
0000ab70  SPI_defaultParams                                           
0000abac  PowerCC26XX_config                                          
0000abc4  SPICC26XXDMA_fxnTable                                       
0000abdc  SPI_config                                                  
0000ac20  ADCBuf_count                                                
0000ac21  ADC_count                                                   
0000ac22  AESCCM_count                                                
0000ac23  AESGCM_count                                                
0000ac24  AESCBC_count                                                
0000ac25  AESCTR_count                                                
0000ac26  AESECB_count                                                
0000ac27  AESCTRDRBG_count                                            
0000ac28  TRNG_count                                                  
0000ac29  Display_count                                               
0000ac2a  I2C_count                                                   
0000ac2b  I2S_count                                                   
0000ac2c  NVS_count                                                   
0000ac2d  PWM_count                                                   
0000ac2e  SD_count                                                    
0000ac2f  SPI_count                                                   
0000ac30  UART_count                                                  
0000ac31  Watchdog_count                                              
0000ac32  EasyLink_numSupportedPhys                                   
0000ac54  RFCC26XX_hwAttrs                                            
0000ac68  PINCC26XX_hwAttrs                                           
0000ac70  UDMACC26XX_config                                           
0000ac78  udmaHWAttrs                                                 
0000ac80  __c_args__                                                  
0000af64  __TI_Handler_Table_Base                                     
0000af70  __TI_Handler_Table_Limit                                    
0000afa0  __TI_CINIT_Base                                             
0000afd8  __TI_CINIT_Limit                                            
0001ffa8  __ccfg                                                      
20000000  _sys_memory                                                 
20000100  g_pfnRAMVectors                                             
200008f8  spiCC26XXDMAObjects                                         
20000ac0  gptimerCC26XXObjects                                        
20000be0  TxBufferToDAC                                               
20000f34  spiParams                                                   
20000f54  udmaObjects                                                 
20000fc4  transaction                                                 
20001045  adpcm_state                                                 
20001077  driverlib_release_0_55724                                   
2000107c  hTimer                                                      
20001080  rxTimeoutVal                                                
20001084  spiHandle                                                   
20001088  pinUpperBound                                               
2000108c  pinLowerBound                                               
20001120  pinHandleTable                                              
2000119c  PowerCC26XX_module                                          
200012b4  HwiP_swiPIntNum                                             
20001384  ClockP_tickPeriod                                           
20001440  StepSizeTable                                               
200014f4  EasyLink_supportedPhys                                      
20001584  pOverrides_sl_lr                                            
200015e8  pOverrides_lrm                                              
20001640  RF_PROP_txPowerTable                                        
20001698  pOverrides                                                  
200016ec  pOverrides_fsk                                              
200017b0  RF_cmdPropRxAdv_preDef                                      
200017e0  RF_cmdPropRadioDivSetup                                     
20001808  RF_cmdPropRadioDivSetup_fsk                                 
20001830  RF_cmdPropRadioDivSetup_lrm                                 
20001858  RF_cmdPropRadioDivSetup_sl_lr                               
2000189c  RF_cmdFs                                                    
200018b4  RF_cmdFs_preDef                                             
200018cc  RF_cmdPropTx                                                
200018e4  IndexTable                                                  
200018f4  RF_prop                                                     
20001904  RF_prop_fsk                                                 
20001914  RF_prop_lrm                                                 
20001924  RF_prop_sl_lr                                               
20001934  int16_prevSample                                            
20001936  int16_prevSampleForRF                                       
20001938  counter                                                     
2000193a  temp                                                        
2000193c  Timer_counter                                               
2000193e  SendDataToDACTrigger                                        
20001940  temp_count                                                  
20001942  TxBufferToDACSampleCounter                                  
20001943  RxBufferCounter                                             
20001948  SemaphoreP_defaultParams                                    
20001950  pinTable                                                    
2000195c  _lock                                                       
20001960  _unlock                                                     
20004c00  __stack                                                     
20005000  __STACK_END                                                 
ffffffff  __TI_pprof_out_hndl                                         
ffffffff  __TI_prof_data_size                                         
ffffffff  __TI_prof_data_start                                        
ffffffff  __binit__                                                   
ffffffff  binit                                                       
UNDEFED   __mpu_init                                                  
UNDEFED   _system_post_cinit                                          

[346 symbols]
