******************************************************************************
                  TI ARM Linker PC v18.12.2                    
******************************************************************************
>> Linked Fri Jun 26 17:33:27 2020

OUTPUT FILE NAME:   <rfEasyLinkRx_868MHz_Final_V0.out>
ENTRY POINT SYMBOL: "resetISR"  address: 000077d9


MEMORY CONFIGURATION

         name            origin    length      used     unused   attr    fill
----------------------  --------  ---------  --------  --------  ----  --------
  FLASH                 00000000   00020000  0000b06e  00014f92  R  X
  SRAM                  20000000   00005000  00001a70  00003590  RW X


SEGMENT ALLOCATION MAP

run origin  load origin   length   init length attrs members
----------  ----------- ---------- ----------- ----- -------
00000000    00000000    0000acc0   0000acc0    r-x
  00000000    00000000    000000c8   000000c8    r-- .intvecs
  000000c8    000000c8    00007a42   00007a42    r-x .text
  00007b0c    00007b0c    000031b4   000031b4    r-- .const
0000acc0    0000acc0    00000008   00000008    rw-
  0000acc0    0000acc0    00000008   00000008    rw- .args
0000acc8    0000acc8    00000350   00000350    r--
  0000acc8    0000acc8    00000350   00000350    r-- .cinit
0001ffa8    0001ffa8    00000058   00000058    r--
  0001ffa8    0001ffa8    00000058   00000058    r-- .ccfg
20000000    20000000    000001c8   00000000    rw-
  20000000    20000000    00000100   00000000    rw- .sysmem
  20000100    20000100    000000c8   00000000    rw- .vtable_ram
20000430    20000430    00000010   00000000    rw-
  20000430    20000430    00000010   00000000    rw- .TI.bound:dmaSpi0RxControlTableEntry
20000440    20000440    00000010   00000000    rw-
  20000440    20000440    00000010   00000000    rw- .TI.bound:dmaSpi0TxControlTableEntry
20000500    20000500    00000010   00000000    rw-
  20000500    20000500    00000010   00000000    rw- .TI.bound:dmaSpi1RxControlTableEntry
20000510    20000510    00001478   00000000    rw-
  20000510    20000510    00000010   00000000    rw- .TI.bound:dmaSpi1TxControlTableEntry
  20000520    20000520    00000b68   00000000    rw- .bss
  20001088    20001088    00000900   00000000    rw- .data
20004c00    20004c00    00000400   00000000    rw-
  20004c00    20004c00    00000400   00000000    rw- .stack


SECTION ALLOCATION MAP

 output                                  attributes/
section   page    origin      length       input sections
--------  ----  ----------  ----------   ----------------
.intvecs   0    00000000    000000c8     
                  00000000    000000c8     nortos_cc13x0.aem3 : startup_cc13xx_cc26xx_ccs.oem3 (.intvecs)

.text      0    000000c8    00007a42     
                  000000c8    00000648     EasyLink_nortos.obj (.text:EasyLink_init)
                  00000710    0000048c     rf_multiMode_cc13x0.aem3 : RFCC26XX_multiMode.oem3 (.text:RF_fsmActiveState)
                  00000b9c    0000030c     drivers_cc13x0.aem3 : PowerCC26XX_calibrateRCOSC.oem3 (.text:PowerCC26XX_auxISR)
                  00000ea8    00000288     rf_multiMode_cc13x0.aem3 : RFCC26XX_multiMode.oem3 (.text:RF_scheduleCmd)
                  00001130    00000238     drivers_cc13x0.aem3 : SPICC26XXDMA.oem3 (.text:SPICC26XXDMA_transfer)
                  00001368    00000228     driverlib.lib : sys_ctrl.obj (.text:NOROM_SysCtrlSetRechargeBeforePowerDown)
                  00001590    00000224     drivers_cc13x0.aem3 : PowerCC26XX.oem3 (.text:Power_sleep)
                  000017b4    0000021c     adpcm.obj (.text:ADPCMDecoder)
                  000019d0    000001d8     rf_multiMode_cc13x0.aem3 : RFCC26XX_multiMode.oem3 (.text:RF_open)
                  00001ba8    000001c0     EasyLink_nortos.obj (.text:EasyLink_receiveAsync)
                  00001d68    000001b0     drivers_cc13x0.aem3 : PINCC26XX.oem3 (.text:PIN_init)
                  00001f18    000001b0     EasyLink_nortos.obj (.text:rxDoneCallback)
                  000020c8    00000190     drivers_cc13x0.aem3 : PowerCC26XX_calibrateRCOSC.oem3 (.text:PowerCC26XX_doCalibrate)
                  00002258    00000158                         : SPICC26XXDMA.oem3 (.text:SPICC26XXDMA_initIO)
                  000023b0    00000154     rf_multiMode_cc13x0.aem3 : RFCC26XX_multiMode.oem3 (.text:RF_fsmSetupState)
                  00002504    00000134                              : RFCC26XX_multiMode.oem3 (.text:RF_abortCmd)
                  00002638    00000128     rfEasyLinkRx_nortos.obj (.text:mainThread)
                  00002760    00000128     smartrf_settings.obj (.text:rf_patch_rfe_genfsk)
                  00002888    00000128     smartrf_settings_predefined.obj (.text:rf_patch_rfe_genfsk)
                  000029b0    00000128     smartrf_settings_predefined.obj (.text:rf_patch_rfe_lrm)
                  00002ad8    00000128     smartrf_settings_predefined.obj (.text:rf_patch_rfe_sl_longrange)
                  00002c00    00000124     driverlib.lib : setup_rom.obj (.text:NOROM_SetupAfterColdResetWakeupFromShutDownCfg3)
                  00002d24    00000124     rf_multiMode_cc13x0.aem3 : RFCC26XX_multiMode.oem3 (.text:RF_dispatchNextCmd)
                  00002e48    0000011c     drivers_cc13x0.aem3 : SPICC26XXDMA.oem3 (.text:SPICC26XXDMA_open)
                  00002f64    00000118     rf_multiMode_cc13x0.aem3 : RFCC26XX_multiMode.oem3 (.text:RF_radioOpDoneCb)
                  0000307c    00000114     drivers_cc13x0.aem3 : PowerCC26XX.oem3 (.text:Power_init)
                  00003190    00000110     rf_multiMode_cc13x0.aem3 : RFCC26XX_multiMode.oem3 (.text:RF_close)
                  000032a0    0000010c     drivers_cc13x0.aem3 : SPICC26XXDMA.oem3 (.text:SPICC26XXDMA_configDMA)
                  000033ac    00000100     nortos_cc13x0.aem3 : PowerCC26XX_nortos.oem3 (.text:PowerCC26XX_standbyPolicy)
                  000034ac    000000f0     driverlib.lib : setup_rom.obj (.text:NOROM_SetupAfterColdResetWakeupFromShutDownCfg2)
                  0000359c    000000f0     drivers_cc13x0.aem3 : PINCC26XX.oem3 (.text:PINCC26XX_setIoCfg)
                  0000368c    000000e8     rf_multiMode_cc13x0.aem3 : RFCC26XX_multiMode.oem3 (.text:RF_fsmPowerUpState)
                  00003774    000000e8     rfEasyLinkRx_nortos.obj (.text:rxDoneCb)
                  0000385c    000000e4     drivers_cc13x0.aem3 : SPICC26XXDMA.oem3 (.text:SPICC26XXDMA_transferCancel)
                  00003940    000000d8     nortos_cc13x0.aem3 : SwiP_nortos.oem3 (.text:SwiP_construct)
                  00003a18    000000d4     driverlib.lib : rfc.obj (.text:NOROM_RFCRfTrimRead)
                  00003aec    000000d4     rf_multiMode_cc13x0.aem3 : RFCC26XX_multiMode.oem3 (.text:RF_pendCmd)
                  00003bc0    000000d0     drivers_cc13x0.aem3 : GPTimerCC26XX.oem3 (.text:GPTimerCC26XX_open)
                  00003c90    000000cc     driverlib.lib : rfc.obj (.text:NOROM_RFCRTrim)
                  00003d5c    000000cc     rf_multiMode_cc13x0.aem3 : RFCC26XX_multiMode.oem3 (.text:RF_swiHw)
                  00003e28    000000c4     driverlib.lib : setup.obj (.text:TrimAfterColdResetWakeupFromShutDown)
                  00003eec    000000c4     smartrf_settings_predefined.obj (.text:rf_patch_mce_sl_longrange)
                  00003fb0    000000bc     drivers_cc13x0.aem3 : PowerCC26XX.oem3 (.text:Power_releaseDependency)
                  0000406c    000000b8     rf_multiMode_cc13x0.aem3 : RFCC26XX_multiMode.oem3 (.text:RF_postCmd)
                  00004124    000000b4     drivers_cc13x0.aem3 : PowerCC26XX.oem3 (.text:Power_setDependency)
                  000041d8    000000b0     rf_multiMode_cc13x0.aem3 : RFCC26XX_multiMode.oem3 (.text:RF_hwiCpe0Active)
                  00004288    000000b0     nortos_cc13x0.aem3 : TimerPCC26XX_nortos.oem3 (.text:TimerP_construct)
                  00004338    000000a8                        : ClockPTimer_nortos.oem3 (.text:ClockP_workFuncDynamic)
                  000043e0    000000a8     driverlib.lib : setup.obj (.text:NOROM_SetupTrimDevice)
                  00004488    000000a8     rf_multiMode_cc13x0.aem3 : RFCC26XX_multiMode.oem3 (.text:RF_ratRestartChannels)
                  00004530    000000a4     EasyLink_nortos.obj (.text:EasyLink_abort)
                  000045d4    000000a4     driverlib.lib : setup_rom.obj (.text:NOROM_SetupAfterColdResetWakeupFromShutDownCfg1)
                  00004678    000000a4     drivers_cc13x0.aem3 : PowerCC26XX.oem3 (.text:switchXOSCHFclockFunc)
                  0000471c    000000a0                         : PINCC26XX.oem3 (.text:PIN_open)
                  000047bc    000000a0                         : SPICC26XXDMA.oem3 (.text:SPICC26XXDMA_hwiFxn)
                  0000485c    000000a0     nortos_cc13x0.aem3 : SwiP_nortos.oem3 (.text:SwiP_dispatch)
                  000048fc    000000a0     rfEasyLinkRx_nortos.obj (.text:rxTimeoutCb)
                  0000499c    0000009c     nortos_cc13x0.aem3 : ClockPTimer_nortos.oem3 (.text:ClockP_startup)
                  00004a38    0000009c     rf_multiMode_cc13x0.aem3 : RFCC26XX_multiMode.oem3 (.text:RF_calculateDispatchTime)
                  00004ad4    0000009c     rtsv7M3_T_le_eabi.lib : memcpy_t2.asm.obj (.text)
                  00004b70    00000098     nortos_cc13x0.aem3 : SemaphoreP_nortos.oem3 (.text:SemaphoreP_pend)
                  00004c08    00000096     rtsv7M3_T_le_eabi.lib : ull_div_t2.asm.obj (.text)
                  00004c9e    00000002     driverlib.lib : interrupt.obj (.text:IntDefaultHandler)
                  00004ca0    00000090     rf_multiMode_cc13x0.aem3 : RFCC26XX_multiMode.oem3 (.text:RF_discardPendCmd)
                  00004d30    00000090     drivers_cc13x0.aem3 : SPICC26XXDMA.oem3 (.text:SPICC26XXDMA_control)
                  00004dc0    00000090     smartrf_settings.obj (.text:configureGenfskPatch)
                  00004e50    00000090     smartrf_settings_predefined.obj (.text:configureGenfskPatch)
                  00004ee0    00000090     smartrf_settings_predefined.obj (.text:configureLrmPatch)
                  00004f70    00000090     smartrf_settings_predefined.obj (.text:configureSlLongrangePatch)
                  00005000    0000008c     drivers_cc13x0.aem3 : SPICC26XXDMA.oem3 (.text:SPICC26XXDMA_swiFxn)
                  0000508c    00000084     CC1310_LAUNCHXL_fxns.obj (.text:CC1310_LAUNCHXL_sendExtFlashByte)
                  00005110    00000084     rf_multiMode_cc13x0.aem3 : RFCC26XX_multiMode.oem3 (.text:RF_issueRadioFreeCb)
                  00005194    00000080     nortos_cc13x0.aem3 : ClockPTimer_nortos.oem3 (.text:ClockP_start)
                  00005214    0000007e     rf_multiMode_cc13x0.aem3 : RFCC26XX_multiMode.oem3 (.text:RF_verifyGap)
                  00005292    00000002                              : RFCC26XX_multiMode.oem3 (.text:RF_defaultCallback)
                  00005294    0000007c                              : RFCC26XX_multiMode.oem3 (.text:RF_ratFreeChannel)
                  00005310    0000007a     rtsv7M3_T_le_eabi.lib : memset_t2.asm.obj (.text)
                  0000538a    00000002     nortos_cc13x0.aem3 : SemaphoreP_nortos.oem3 (.text:SemaphoreP_destruct)
                  0000538c    00000078                        : HwiPCC26XX_nortos.oem3 (.text:HwiP_construct)
                  00005404    00000074                        : ClockPTimer_nortos.oem3 (.text:ClockP_walkQueueDynamic)
                  00005478    00000074     driverlib.lib : setup_rom.obj (.text:NOROM_SetupSetVddrLevel)
                  000054ec    00000070     rf_multiMode_cc13x0.aem3 : RFCC26XX_multiMode.oem3 (.text:RF_hwiHw)
                  0000555c    00000070     nortos_cc13x0.aem3 : TimerPCC26XX_nortos.oem3 (.text:TimerP_start)
                  000055cc    0000006c     drivers_cc13x0.aem3 : PowerCC26XX_calibrateRCOSC.oem3 (.text:PowerCC26XX_initiateCalibration)
                  00005638    0000006c     rf_multiMode_cc13x0.aem3 : RFCC26XX_multiMode.oem3 (.text:RF_initRadioSetup)
                  000056a4    00000068     driverlib.lib : setup_rom.obj (.text:NOROM_SetupGetTrimForAmpcompCtrl)
                  0000570c    00000068                   : setup_rom.obj (.text:NOROM_SetupGetTrimForAnabypassValue1)
                  00005774    00000068                   : sys_ctrl.obj (.text:NOROM_SysCtrlAdjustRechargeAfterPowerDown)
                  000057dc    00000068                   : sys_ctrl.obj (.text:NOROM_SysCtrl_DCDC_VoltageConditionalControl)
                  00005844    00000068     drivers_cc13x0.aem3 : PINCC26XX.oem3 (.text:PIN_add)
                  000058ac    00000068     SPI.obj (.text:SPI_init)
                  00005914    00000068     nortos_cc13x0.aem3 : SwiP_nortos.oem3 (.text:SwiP_post)
                  0000597c    00000068     rtsv7M3_T_le_eabi.lib : copy_decompress_lzss.c.obj (.text:decompress:lzss:__TI_decompress_lzss)
                  000059e4    00000068     drivers_cc13x0.aem3 : PowerCC26XX.oem3 (.text:lfClockReadyCallback)
                  00005a4c    00000064     driverlib.lib : osc.obj (.text:NOROM_OSCHF_AttemptToSwitchToXosc)
                  00005ab0    00000064     rf_multiMode_cc13x0.aem3 : RFCC26XX_multiMode.oem3 (.text:RF_checkForPreemption)
                  00005b14    00000064                              : RFCC26XX_multiMode.oem3 (.text:RF_dispatchNextEvent)
                  00005b78    00000064     drivers_cc13x0.aem3 : PowerCC26XX.oem3 (.text:configureXOSCHF)
                  00005bdc    00000060     driverlib.lib : osc.obj (.text:NOROM_OSCClockSourceSet)
                  00005c3c    00000060     drivers_cc13x0.aem3 : PowerCC26XX.oem3 (.text:PowerCC26XX_calibrate)
                  00005c9c    00000060     rf_multiMode_cc13x0.aem3 : RFCC26XX_multiMode.oem3 (.text:RF_getCurrentTime)
                  00005cfc    0000005c     drivers_cc13x0.aem3 : PowerCC26XX_calibrateRCOSC.oem3 (.text:PowerCC26XX_RCOSC_clockFunc)
                  00005d58    0000005c     rf_multiMode_cc13x0.aem3 : RFCC26XX_multiMode.oem3 (.text:RF_hwiCpe0PowerFsm)
                  00005db4    0000005c                              : RFCC26XX_multiMode.oem3 (.text:RF_syncCb)
                  00005e10    0000005c     SPI.obj (.text:SPI_open)
                  00005e6c    0000005c     drivers_cc13x0.aem3 : UDMACC26XX.oem3 (.text:UDMACC26XX_open)
                  00005ec8    0000005a     EasyLink_nortos.obj (.text:createTxAdvFromTx)
                  00005f22    00000002     rtsv7M3_T_le_eabi.lib : _lock.c.obj (.text:_nop)
                  00005f24    00000058     drivers_cc13x0.aem3 : GPTimerCC26XX.oem3 (.text:GPTimerCC26XXHwiFxn)
                  00005f7c    00000058                         : PINCC26XX.oem3 (.text:PIN_remove)
                  00005fd4    00000058     rf_multiMode_cc13x0.aem3 : RFCC26XX_multiMode.oem3 (.text:RF_cmdDispatchTime)
                  0000602c    00000058     drivers_cc13x0.aem3 : SPICC26XXDMA.oem3 (.text:SPICC26XXDMA_initHw)
                  00006084    00000054     rf_multiMode_cc13x0.aem3 : RFCC26XX_multiMode.oem3 (.text:RF_applyRfCorePatch)
                  000060d8    00000054     rfEasyLinkRx_nortos.obj (.text:SPI_FN)
                  0000612c    00000054     rfEasyLinkRx_nortos.obj (.text:SPI_SEND_TO_DMA)
                  00006180    00000052     drivers_cc13x0.aem3 : SPICC26XXDMA.oem3 (.text:SPICC26XXDMA_close)
                  000061d2    00000002     nortos_cc13x0.aem3 : SemaphoreP_nortos.oem3 (.text:clkFxn)
                  000061d4    00000050     driverlib.lib : setup_rom.obj (.text:NOROM_SetupSetCacheModeAccordingToCcfgSetting)
                  00006224    00000050     rf_multiMode_cc13x0.aem3 : RFCC26XX_multiMode.oem3 (.text:RF_fsmXOSCState)
                  00006274    00000050                              : RFCC26XX_multiMode.oem3 (.text:RF_wakeupNotification)
                  000062c4    00000050     nortos_cc13x0.aem3 : SemaphoreP_nortos.oem3 (.text:SemaphoreP_construct)
                  00006314    0000004c     CC1310_LAUNCHXL_fxns.obj (.text:CC1310_LAUNCHXL_wakeUpExtFlash)
                  00006360    0000004c     drivers_cc13x0.aem3 : GPTimerCC26XX.oem3 (.text:GPTimerCC26XX_registerInterrupt)
                  000063ac    0000004c                         : GPTimerCC26XX.oem3 (.text:GPTimerCC26XX_start)
                  000063f8    00000048     nortos_cc13x0.aem3 : ClockPTimer_nortos.oem3 (.text:ClockP_construct)
                  00006440    00000044     drivers_cc13x0.aem3 : SPICC26XXDMA.oem3 (.text:SPICC26XXDMA_csnCallback)
                  00006484    00000044     nortos_cc13x0.aem3 : SwiP_nortos.oem3 (.text:SwiP_restore)
                  000064c8    00000044     rtsv7M3_T_le_eabi.lib : autoinit.c.obj (.text:__TI_auto_init_nobinit_nopinit:__TI_auto_init_nobinit_nopinit)
                  0000650c    00000040     CC1310_LAUNCHXL_fxns.obj (.text:CC1310_LAUNCHXL_shutDownExtFlash)
                  0000654c    00000040     drivers_cc13x0.aem3 : PINCC26XX.oem3 (.text:PINCC26XX_getConfig)
                  0000658c    00000040                         : PINCC26XX.oem3 (.text:PIN_swi)
                  000065cc    0000003c     driverlib.lib : chipinfo.obj (.text:NOROM_ChipInfo_GetHwRevision)
                  00006608    0000003c                   : osc.obj (.text:NOROM_OSC_HPOSCRelativeFrequencyOffsetGet)
                  00006644    0000003c                   : rfc.obj (.text:NOROM_RFCSynthPowerDown)
                  00006680    0000003c     drivers_cc13x0.aem3 : PowerCC26XX.oem3 (.text:PowerCC26XX_isStableXOSC_HF)
                  000066bc    0000003c     rf_multiMode_cc13x0.aem3 : RFCC26XX_multiMode.oem3 (.text:RF_cmdGet)
                  000066f8    0000003c                              : RFCC26XX_multiMode.oem3 (.text:RF_cmdStoreEvents)
                  00006734    0000003c     nortos_cc13x0.aem3 : SemaphoreP_nortos.oem3 (.text:SemaphoreP_post)
                  00006770    0000003c     drivers_cc13x0.aem3 : PowerCC26XX.oem3 (.text:disableLfClkQualifiersEnableClkLoss)
                  000067ac    00000038                         : PINCC26XX.oem3 (.text:PIN_setConfig)
                  000067e4    00000038                         : PINCC26XX.oem3 (.text:PIN_setInterrupt)
                  0000681c    00000038                         : PINCC26XX.oem3 (.text:PIN_setOutputValue)
                  00006854    00000038     rf_multiMode_cc13x0.aem3 : RFCC26XX_multiMode.oem3 (.text:RF_checkCmdFsError)
                  0000688c    00000038                              : RFCC26XX_multiMode.oem3 (.text:RF_powerConstraintRelease)
                  000068c4    00000036     nortos_cc13x0.aem3 : TimerPCC26XX_nortos.oem3 (.text:TimerP_setNextTick)
                  000068fa    00000036     drivers_cc13x0.aem3 : UDMACC26XX.oem3 (.text:UDMACC26XX_close)
                  00006930    00000034     nortos_cc13x0.aem3 : ClockPTimer_nortos.oem3 (.text:ClockP_getTicksUntilInterrupt)
                  00006964    00000034     drivers_cc13x0.aem3 : GPTimerCC26XX.oem3 (.text:GPTimerCC26XXSetLoadMatch)
                  00006998    00000034     driverlib.lib : interrupt.obj (.text:NOROM_IntRegister)
                  000069cc    00000034                   : osc.obj (.text:NOROM_OSCHF_SwitchToRcOscTurnOffXosc)
                  00006a00    00000034     drivers_cc13x0.aem3 : PowerCC26XX.oem3 (.text:Power_releaseConstraint)
                  00006a34    00000034     nortos_cc13x0.aem3 : SwiP_nortos.oem3 (.text:SwiP_destruct)
                  00006a68    00000034                        : TimerPCC26XX_nortos.oem3 (.text:TimerP_initDevice)
                  00006a9c    00000034     drivers_cc13x0.aem3 : PowerCC26XX.oem3 (.text:notify)
                  00006ad0    00000034     rtsv7M3_T_le_eabi.lib : rand.c.obj (.text:rand)
                  00006b04    00000030     drivers_cc13x0.aem3 : GPTimerCC26XX.oem3 (.text:GPTimerCC26XX_configureDebugStall)
                  00006b34    00000030     driverlib.lib : chipinfo.obj (.text:NOROM_ChipInfo_GetChipType)
                  00006b64    00000030                   : setup_rom.obj (.text:NOROM_SetupSetAonRtcSubSecInc)
                  00006b94    00000030     drivers_cc13x0.aem3 : PINCC26XX.oem3 (.text:PINCC26XX_setMux)
                  00006bc4    00000030                         : PowerCC26XX.oem3 (.text:Power_setConstraint)
                  00006bf4    00000030     nortos_cc13x0.aem3 : TimerPCC26XX_nortos.oem3 (.text:TimerP_getCurrentTick)
                  00006c24    00000030                        : TimerPCC26XX_nortos.oem3 (.text:TimerP_setThreshold)
                  00006c54    0000002e     driverlib.lib : rfc.obj (.text:NOROM_RFCOverrideSearch)
                  00006c82    0000002e     rf_multiMode_cc13x0.aem3 : RFCC26XX_multiMode.oem3 (.text:RF_queueEnd)
                  00006cb0    0000002c     nortos_cc13x0.aem3 : HwiPCC26XX_nortos.oem3 (.text:HwiP_dispatch)
                  00006cdc    0000002c     rfEasyLinkRx_nortos.obj (.text:IIR_Filter_Lowpass_butterworth)
                  00006d08    0000002c     driverlib.lib : ddi.obj (.text:NOROM_DDI32RegWrite)
                  00006d34    0000002c                   : osc.obj (.text:NOROM_OSCClockSourceGet)
                  00006d60    0000002c                   : rfc.obj (.text:NOROM_RFCCpePatchReset)
                  00006d8c    0000002c                   : setup_rom.obj (.text:NOROM_SetupGetTrimForRadcExtCfg)
                  00006db8    0000002c     rf_multiMode_cc13x0.aem3 : RFCC26XX_multiMode.oem3 (.text:RF_calculateDeltaTimeUs)
                  00006de4    0000002c                              : RFCC26XX_multiMode.oem3 (.text:RF_executeDirectImmediateCmd)
                  00006e10    00000028     driverlib.lib : aon_batmon.obj (.text:NOROM_AONBatMonTemperatureGetDegC)
                  00006e38    00000028     drivers_cc13x0.aem3 : PowerCC26XX.oem3 (.text:Power_registerNotify)
                  00006e60    00000028     rf_multiMode_cc13x0.aem3 : RFCC26XX_multiMode.oem3 (.text:RF_runCmd)
                  00006e88    00000028     drivers_cc13x0.aem3 : SPICC26XXDMA.oem3 (.text:SPICC26XXDMA_flushFifos)
                  00006eb0    00000028     driverlib.lib : adi.obj (.text:SafeHapiVoid)
                  00006ed8    00000024     nortos_cc13x0.aem3 : ClockPTimer_nortos.oem3 (.text:ClockP_getTicks)
                  00006efc    00000024                        : ClockPTimer_nortos.oem3 (.text:ClockP_scheduleNextTick)
                  00006f20    00000024     drivers_cc13x0.aem3 : GPTimerCC26XX.oem3 (.text:GPTimerCC26XX_enableInterrupt)
                  00006f44    00000024                         : List.oem3 (.text:List_remove)
                  00006f68    00000024     driverlib.lib : rfc.obj (.text:NOROM_RFCDoorbellSendTo)
                  00006f8c    00000024     rf_multiMode_cc13x0.aem3 : RFCC26XX_multiMode.oem3 (.text:RF_cmdAlloc)
                  00006fb0    00000024                              : RFCC26XX_multiMode.oem3 (.text:RF_invokeGlobalCallback)
                  00006fd4    00000024                              : RFCC26XX_multiMode.oem3 (.text:RF_isStateTransitionAllowed)
                  00006ff8    00000024     nortos_cc13x0.aem3 : TimerPCC26XX_nortos.oem3 (.text:TimerP_getMaxTicks)
                  0000701c    00000024     rtsv7M3_T_le_eabi.lib : boot_cortex_m.c.obj (.text:_c_int00:_c_int00)
                  00007040    00000022     drivers_cc13x0.aem3 : List.oem3 (.text:List_get)
                  00007062    00000022                         : List.oem3 (.text:List_insert)
                  00007084    00000022                         : List.oem3 (.text:List_put)
                  000070a6    00000022                         : List.oem3 (.text:List_putHead)
                  000070c8    00000020     nortos_cc13x0.aem3 : ClockPTimer_nortos.oem3 (.text:ClockP_add)
                  000070e8    00000020     drivers_cc13x0.aem3 : GPTimerCC26XX.oem3 (.text:GPTimerCC26XXReverseLookupMask)
                  00007108    00000020     driverlib.lib : rfc.obj (.text:NOROM_RFCAdi3VcoLdoVoltageMode)
                  00007128    00000020                   : setup_rom.obj (.text:NOROM_SetupGetTrimForXoscHfCtl)
                  00007148    00000020     drivers_cc13x0.aem3 : PINCC26XX.oem3 (.text:PINCC26XX_setIoCfgMux)
                  00007168    00000020                         : PowerCC26XX.oem3 (.text:Power_unregisterNotify)
                  00007188    00000020     rf_multiMode_cc13x0.aem3 : RFCC26XX_multiMode.oem3 (.text:RF_clkPowerUp)
                  000071a8    00000020                              : RFCC26XX_multiMode.oem3 (.text:RF_hwiCpe0ChangePhy)
                  000071c8    00000020                              : RFCC26XX_multiMode.oem3 (.text:RF_ratIsRunning)
                  000071e8    0000001e     drivers_cc13x0.aem3 : PINCC26XX.oem3 (.text:PIN_close)
                  00007206    0000001e                         : PowerCC26XX.oem3 (.text:Power_getTransitionLatency)
                  00007224    0000001e     rf_multiMode_cc13x0.aem3 : RFCC26XX_multiMode.oem3 (.text:RF_preemptClient)
                  00007242    0000001e     nortos_cc13x0.aem3 : SemaphoreP_nortos.oem3 (.text:SemaphoreP_constructBinary)
                  00007260    0000001c     CC1310_LAUNCHXL.obj (.text:CC1310_LAUNCHXL_initGeneral)
                  0000727c    0000001c     nortos_cc13x0.aem3 : HwiPCC26XX_nortos.oem3 (.text:HwiP_destruct)
                  00007298    0000001c     driverlib.lib : chipinfo.obj (.text:NOROM_ChipInfo_GetChipFamily)
                  000072b4    0000001c                   : setup_rom.obj (.text:NOROM_SetupGetTrimForAmpcompTh2)
                  000072d0    0000001c                   : setup_rom.obj (.text:NOROM_SetupGetTrimForRcOscLfRtuneCtuneTrim)
                  000072ec    0000001c     drivers_cc13x0.aem3 : PINCC26XX.oem3 (.text:PIN_hwi)
                  00007308    0000001c     nortos_cc13x0.aem3 : QueueP_nortos.oem3 (.text:QueueP_put)
                  00007324    0000001c     rf_multiMode_cc13x0.aem3 : RFCC26XX_multiMode.oem3 (.text:RF_clkInactivityCallback)
                  00007340    0000001c                              : RFCC26XX_multiMode.oem3 (.text:RF_powerConstraintSet)
                  0000735c    0000001c     nortos_cc13x0.aem3 : SwiP_nortos.oem3 (.text:SwiP_disable)
                  00007378    0000001c                        : SwiP_nortos.oem3 (.text:SwiP_or)
                  00007394    0000001c                        : TimerPCC26XX_nortos.oem3 (.text:TimerP_dynamicStub)
                  000073b0    0000001c     smartrf_settings.obj (.text:enterGenfskCpePatch)
                  000073cc    0000001c     smartrf_settings_predefined.obj (.text:enterGenfskCpePatch)
                  000073e8    0000001c     smartrf_settings_predefined.obj (.text:enterLrmCpePatch)
                  00007404    0000001c     smartrf_settings_predefined.obj (.text:enterSlLongrangeCpePatch)
                  00007420    0000001a     nortos_cc13x0.aem3 : QueueP_nortos.oem3 (.text:QueueP_get)
                  0000743a    00000018     EasyLink_nortos.obj (.text:ChipInfo_ChipFamilyIs_CC13x2_CC26x2)
                  00007452    00000018     EasyLink_nortos.obj (.text:ChipInfo_ChipFamilyIs_CC26x0R2)
                  0000746a    00000018     nortos_cc13x0.aem3 : ClockPTimer_nortos.oem3 (.text:ClockP_destruct)
                  00007482    00000018                        : ClockPTimer_nortos.oem3 (.text:ClockP_getTimeout)
                  0000749a    00000002     drivers_cc13x0.aem3 : PowerCC26XX.oem3 (.text:emptyClockFunc)
                  0000749c    00000018     nortos_cc13x0.aem3 : HwiPCC26XX_nortos.oem3 (.text:HwiP_inISR)
                  000074b4    00000018     driverlib.lib : aon_rtc.obj (.text:NOROM_AONRTCCurrentCompareValueGet)
                  000074cc    00000018                   : chipinfo.obj (.text:NOROM_ChipInfo_GetPackageType)
                  000074e4    00000018                   : osc.obj (.text:NOROM_OSCHF_TurnOnXosc)
                  000074fc    00000018                   : rfc.obj (.text:NOROM_RFCCpeIntGetAndClear)
                  00007514    00000018                   : setup_rom.obj (.text:NOROM_SetupGetTrimForAdcShModeEn)
                  0000752c    00000018                   : setup_rom.obj (.text:NOROM_SetupGetTrimForAdcShVbufEn)
                  00007544    00000018                   : setup_rom.obj (.text:NOROM_SetupGetTrimForAmpcompTh1)
                  0000755c    00000018                   : setup_rom.obj (.text:NOROM_SetupGetTrimForDblrLoopFilterResetVoltage)
                  00007574    00000018                   : setup_rom.obj (.text:NOROM_SetupGetTrimForRcOscLfIBiasTrim)
                  0000758c    00000018                   : setup_rom.obj (.text:NOROM_SetupGetTrimForXoscLfRegulatorAndCmirrwrRatio)
                  000075a4    00000018     drivers_cc13x0.aem3 : PINCC26XX.oem3 (.text:PIN_getConfig)
                  000075bc    00000018                         : PowerCC26XX.oem3 (.text:Power_idleFunc)
                  000075d4    00000018     rf_multiMode_cc13x0.aem3 : RFCC26XX_multiMode.oem3 (.text:RF_cancelCmd)
                  000075ec    00000018                              : RFCC26XX_multiMode.oem3 (.text:RF_swiFsm)
                  00007604    00000018     SPI.obj (.text:SPI_Params_init)
                  0000761c    00000018     rtsv7M3_T_le_eabi.lib : args_main.c.obj (.text:_args_main)
                  00007634    00000018     adpcm.obj (.text:init_adpcm)
                  0000764c    00000018     rtsv7M3_T_le_eabi.lib : ll_mul_t2.asm.obj (.text)
                  00007664    00000016     EasyLink_nortos.obj (.text:ChipInfo_ChipFamilyIs_CC26x0)
                  0000767a    00000016     nortos_cc13x0.aem3 : HwiPCC26XX_nortos.oem3 (.text:HwiP_setFunc)
                  00007690    00000016     driverlib.lib : chipinfo.obj (.text:NOROM_ThisLibraryIsFor_CC13x0_HwRev20AndLater_HaltIfViolated)
                  000076a6    00000016     rf_multiMode_cc13x0.aem3 : RFCC26XX_multiMode.oem3 (.text:RF_restartClockTimeout)
                  000076bc    00000016     SPI.obj (.text:SPI_transfer)
                  000076d2    00000002     smartrf_settings.obj (.text:enterGenfskSysPatch)
                  000076d4    00000014     EasyLink_nortos.obj (.text:EasyLink_Params_init)
                  000076e8    00000014     drivers_cc13x0.aem3 : List.oem3 (.text:List_clearList)
                  000076fc    00000014     driverlib.lib : aon_rtc.obj (.text:NOROM_AONRTCCurrent64BitValueGet)
                  00007710    00000014                   : interrupt.obj (.text:NOROM_IntUnregister)
                  00007724    00000014     drivers_cc13x0.aem3 : PINCC26XX.oem3 (.text:PINCC26XX_getOutputValue)
                  00007738    00000014                         : PowerCC26XX.oem3 (.text:Power_disablePolicy)
                  0000774c    00000014     rf_multiMode_cc13x0.aem3 : RFCC26XX_multiMode.oem3 (.text:RF_Params_init)
                  00007760    00000014                              : RFCC26XX_multiMode.oem3 (.text:RF_dbellSyncOnAck)
                  00007774    00000014                              : RFCC26XX_multiMode.oem3 (.text:RF_ratGetChannel)
                  00007788    00000014                              : RFCC26XX_multiMode.oem3 (.text:RF_schResolveConflict)
                  0000779c    00000014     nortos_cc13x0.aem3 : SwiP_nortos.oem3 (.text:SwiP_handleHwi)
                  000077b0    00000014                        : TimerPCC26XX_nortos.oem3 (.text:TimerP_startup)
                  000077c4    00000014     drivers_cc13x0.aem3 : PowerCC26XX.oem3 (.text:configureRFCoreClocks)
                  000077d8    00000014     nortos_cc13x0.aem3 : startup_cc13xx_cc26xx_ccs.oem3 (.text:resetISR)
                  000077ec    00000012     drivers_cc13x0.aem3 : GPTimerCC26XX.oem3 (.text:GPTimerCC26XX_Params_init)
                  000077fe    00000012     nortos_cc13x0.aem3 : HwiPCC26XX_nortos.oem3 (.text:HwiP_Params_init)
                  00007810    00000012     main_nortos.obj (.text:main)
                  00007822    00000002     smartrf_settings_predefined.obj (.text:enterGenfskSysPatch)
                  00007824    00000010     nortos_cc13x0.aem3 : ClockPTimer_nortos.oem3 (.text:ClockP_Params_init)
                  00007834    00000010                        : ClockPTimer_nortos.oem3 (.text:ClockP_getCpuFreq)
                  00007844    00000010                        : HwiPCC26XX_nortos.oem3 (.text:HwiP_disable)
                  00007854    00000010                        : HwiPCC26XX_nortos.oem3 (.text:HwiP_enableInterrupt)
                  00007864    00000010                        : HwiPCC26XX_nortos.oem3 (.text:HwiP_post)
                  00007874    00000010     driverlib.lib : rfc.obj (.text:NOROM_RFCHwIntGetAndClear)
                  00007884    00000010                   : rfc.obj (.text:NOROM_RFCRfTrimSet)
                  00007894    00000010                   : setup_rom.obj (.text:NOROM_SetupGetTrimForXoscHfFastStart)
                  000078a4    00000010                   : setup_rom.obj (.text:NOROM_SetupGetTrimForXoscHfIbiastherm)
                  000078b4    00000010     drivers_cc13x0.aem3 : PINCC26XX.oem3 (.text:PINCC26XX_getPinCount)
                  000078c4    00000010     nortos_cc13x0.aem3 : PowerCC26XX_nortos.oem3 (.text:PowerCC26XX_schedulerDisable)
                  000078d4    00000010     drivers_cc13x0.aem3 : PowerCC26XX.oem3 (.text:Power_enablePolicy)
                  000078e4    00000010     rf_multiMode_cc13x0.aem3 : RFCC26XX_multiMode.oem3 (.text:RF_dbellSubmitCmdAsync)
                  000078f4    00000010                              : RFCC26XX_multiMode.oem3 (.text:RF_isClientOwner)
                  00007904    00000010     nortos_cc13x0.aem3 : SemaphoreP_nortos.oem3 (.text:SemaphoreP_Params_init)
                  00007914    00000010                        : SwiP_nortos.oem3 (.text:SwiP_Params_init)
                  00007924    00000010                        : TimerPCC26XX_nortos.oem3 (.text:TimerP_Params_init)
                  00007934    00000010     smartrf_settings.obj (.text:applyGenfskPatch)
                  00007944    00000010     smartrf_settings_predefined.obj (.text:applyGenfskPatch)
                  00007954    00000010     smartrf_settings_predefined.obj (.text:applyLrmPatch)
                  00007964    00000010     smartrf_settings_predefined.obj (.text:applySlLongrangePatch)
                  00007974    0000000e     driverlib.lib : vims.obj (.text:NOROM_VIMSModeGet)
                  00007982    0000000e     nortos_cc13x0.aem3 : QueueP_nortos.oem3 (.text:QueueP_empty)
                  00007990    0000000e                        : QueueP_nortos.oem3 (.text:QueueP_remove)
                  0000799e    0000000e     rf_multiMode_cc13x0.aem3 : RFCC26XX_multiMode.oem3 (.text:RF_getSwitchingTimeInUs)
                  000079ac    0000000e     drivers_cc13x0.aem3 : SPICC26XXDMA.oem3 (.text:SPICC26XXDMA_init)
                  000079ba    0000000e     rtsv7M3_T_le_eabi.lib : copy_decompress_none.c.obj (.text:decompress:none:__TI_decompress_none)
                  000079c8    0000000c     nortos_cc13x0.aem3 : ClockPTimer_nortos.oem3 (.text:ClockP_doTick)
                  000079d4    0000000c     driverlib.lib : cpu.obj (.text:NOROM_CPUcpsid)
                  000079e0    0000000c                   : cpu.obj (.text:NOROM_CPUcpsie)
                  000079ec    0000000c                   : osc.obj (.text:NOROM_OSC_HPOSCRelativeFrequencyOffsetToRFCoreFormatConvert)
                  000079f8    0000000c     drivers_cc13x0.aem3 : PINCC26XX.oem3 (.text:PIN_registerIntCb)
                  00007a04    0000000c     nortos_cc13x0.aem3 : PowerCC26XX_nortos.oem3 (.text:PowerCC26XX_schedulerRestore)
                  00007a10    0000000c     drivers_cc13x0.aem3 : PowerCC26XX.oem3 (.text:Power_getConstraintMask)
                  00007a1c    0000000c                         : PowerCC26XX.oem3 (.text:Power_getDependencyCount)
                  00007a28    0000000c     rf_multiMode_cc13x0.aem3 : RFCC26XX_multiMode.oem3 (.text:RF_powerConstraintGet)
                  00007a34    0000000c     nortos_cc13x0.aem3 : SwiP_nortos.oem3 (.text:SwiP_getTrigger)
                  00007a40    0000000c                        : TimerPCC26XX_nortos.oem3 (.text:TimerP_getFreq)
                  00007a4c    0000000c     rtsv7M3_T_le_eabi.lib : copy_zero_init.c.obj (.text:decompress:ZI:__TI_zero_init)
                  00007a58    0000000c     drivers_cc13x0.aem3 : SPICC26XXDMA.oem3 (.text:spiPostNotify)
                  00007a64    0000000a                         : UDMACC26XX.oem3 (.text:UDMACC26XX_hwiIntFxn)
                  00007a6e    00000008     CC1310_LAUNCHXL.obj (.text:Board_init)
                  00007a76    00000008     CC1310_LAUNCHXL_fxns.obj (.text:Board_initHook)
                  00007a7e    00000008     drivers_cc13x0.aem3 : GPTimerCC26XX.oem3 (.text:GPTimerCC26XX_setLoadValue)
                  00007a86    00000008     nortos_cc13x0.aem3 : HwiPCC26XX_nortos.oem3 (.text:HwiP_restore)
                  00007a8e    00000008     drivers_cc13x0.aem3 : SPICC26XXDMA.oem3 (.text:SPICC26XXDMA_transferCallback)
                  00007a96    00000008     smartrf_settings.obj (.text:rf_patch_cpe_genfsk)
                  00007a9e    00000008     smartrf_settings_predefined.obj (.text:rf_patch_cpe_genfsk)
                  00007aa6    00000008     smartrf_settings_predefined.obj (.text:rf_patch_cpe_lrm)
                  00007aae    00000008     smartrf_settings_predefined.obj (.text:rf_patch_cpe_sl_longrange)
                  00007ab6    00000006     nortos_cc13x0.aem3 : ClockPTimer_nortos.oem3 (.text:ClockP_stop)
                  00007abc    00000006     driverlib.lib : cpu.obj (.text:NOROM_CPUdelay)
                  00007ac2    00000006     nortos_cc13x0.aem3 : QueueP_nortos.oem3 (.text:QueueP_init)
                  00007ac8    00000006     rf_multiMode_cc13x0.aem3 : RFCC26XX_multiMode.oem3 (.text:RF_clkReqAccess)
                  00007ace    00000004     nortos_cc13x0.aem3 : PowerCC26XX_nortos.oem3 (.text:CPUwfi)
                  00007ad2    00000004                        : ClockPTimer_nortos.oem3 (.text:ClockP_isActive)
                  00007ad6    00000004                        : ClockPTimer_nortos.oem3 (.text:ClockP_setTimeout)
                  00007ada    00000004                        : HwiPCC26XX_nortos.oem3 (.text:HwiP_enable)
                  00007ade    00000004     driverlib.lib : rfc.obj (.text:NOROM_RFCOverrideUpdate)
                  00007ae2    00000004     drivers_cc13x0.aem3 : PowerCC26XX.oem3 (.text:PowerCC26XX_switchXOSC_HF)
                  00007ae6    00000004     nortos_cc13x0.aem3 : QueueP_nortos.oem3 (.text:QueueP_head)
                  00007aea    00000004                        : QueueP_nortos.oem3 (.text:QueueP_next)
                  00007aee    00000004                        : TimerPCC26XX_nortos.oem3 (.text:TimerP_getCount64)
                  00007af2    00000004     rtsv7M3_T_le_eabi.lib : pre_init.c.obj (.text:_system_pre_init)
                  00007af6    00000004                           : exit.c.obj (.text:abort:abort)
                  00007afa    00000004     drivers_cc13x0.aem3 : PowerCC26XX.oem3 (.text:nopResourceHandler)
                  00007afe    00000002     smartrf_settings_predefined.obj (.text:enterLrmSysPatch)
                  00007b00    00000002     smartrf_settings_predefined.obj (.text:enterSlLongrangeSysPatch)
                  00007b02    00000002     nortos_cc13x0.aem3 : startup_cc13xx_cc26xx_ccs.oem3 (.text:faultISR)
                  00007b04    00000002                        : startup_cc13xx_cc26xx_ccs.oem3 (.text:intDefaultHandler)
                  00007b06    00000002                        : startup_cc13xx_cc26xx_ccs.oem3 (.text:nmiISR)
                  00007b08    00000002     rtsv7M3_T_le_eabi.lib : div0.asm.obj (.text)

.const     0    00007b0c    000031b4     
                  00007b0c    000006b4     smartrf_settings.obj (.const:patchGenfskRfe)
                  000081c0    000006b4     smartrf_settings_predefined.obj (.const:patchGenfskRfe)
                  00008874    000006b4     smartrf_settings_predefined.obj (.const:patchLrmRfe)
                  00008f28    000006b4     smartrf_settings_predefined.obj (.const:patchSl_longrangeRfe)
                  000095dc    00000400     smartrf_settings.obj (.const:patchImageGenfsk)
                  000099dc    00000400     smartrf_settings_predefined.obj (.const:patchImageGenfsk)
                  00009ddc    00000400     smartrf_settings_predefined.obj (.const:patchImageLrm)
                  0000a1dc    00000400     smartrf_settings_predefined.obj (.const:patchImageSlLongrange)
                  0000a5dc    00000400     smartrf_settings_predefined.obj (.const:patchSl_longrangeMce)
                  0000a9dc    00000060     CC1310_LAUNCHXL.obj (.const:GPTimerCC26XX_config)
                  0000aa3c    00000060     CC1310_LAUNCHXL.obj (.const:gptimerCC26xxHWAttrs)
                  0000aa9c    0000004c     drivers_cc13x0.aem3 : PowerCC26XX.oem3 (.const:resourceDB)
                  0000aae8    00000040     CC1310_LAUNCHXL.obj (.const:spiCC26XXDMAHWAttrs)
                  0000ab28    00000038     drivers_cc13x0.aem3 : SPICC26XXDMA.oem3 (.const:$O1$$)
                  0000ab60    0000002c     CC1310_LAUNCHXL.obj (.const:BoardGpioInitTable)
                  0000ab8c    00000024     drivers_cc13x0.aem3 : GPTimerCC26XX.oem3 (.const:$O1$$)
                  0000abb0    00000020     SPI.obj (.const:SPI_defaultParams)
                  0000abd0    0000001c     rf_multiMode_cc13x0.aem3 : RFCC26XX_multiMode.oem3 (.const:RF_defaultParams)
                  0000abec    00000018     CC1310_LAUNCHXL.obj (.const:PowerCC26XX_config)
                  0000ac04    00000018     drivers_cc13x0.aem3 : SPICC26XXDMA.oem3 (.const:SPICC26XXDMA_fxnTable)
                  0000ac1c    00000018     CC1310_LAUNCHXL.obj (.const:SPI_config)
                  0000ac34    00000018     driverlib.lib : rfc.obj (.const:rfc_defaultIrqAddr)
                  0000ac4c    00000014     CC1310_LAUNCHXL_fxns.obj (.const:$P$T1$2)
                  0000ac60    00000012     CC1310_LAUNCHXL.obj (.const)
                  0000ac72    00000001     easylink_config.obj (.const)
                  0000ac73    00000001     --HOLE-- [fill = 0]
                  0000ac74    00000010     EasyLink_nortos.obj (.const:EasyLink_defaultParams)
                  0000ac84    00000010     nortos_cc13x0.aem3 : SwiP_nortos.oem3 (.const:SwiP_defaultParams)
                  0000ac94    0000000c     CC1310_LAUNCHXL.obj (.const:RFCC26XX_hwAttrs)
                  0000aca0    00000008     CC1310_LAUNCHXL_fxns.obj (.const:$P$T0$1)
                  0000aca8    00000008     CC1310_LAUNCHXL.obj (.const:PINCC26XX_hwAttrs)
                  0000acb0    00000008     CC1310_LAUNCHXL.obj (.const:UDMACC26XX_config)
                  0000acb8    00000008     CC1310_LAUNCHXL.obj (.const:udmaHWAttrs)

.cinit     0    0000acc8    00000350     
                  0000acc8    000002dc     (.cinit..data.load) [load image, compression = lzss]
                  0000afa4    0000000c     (__TI_handler_table)
                  0000afb0    00000008     (.cinit..TI.bound:dmaSpi0RxControlTableEntry.load) [load image, compression = zero_init]
                  0000afb8    00000008     (.cinit..TI.bound:dmaSpi0TxControlTableEntry.load) [load image, compression = zero_init]
                  0000afc0    00000008     (.cinit..TI.bound:dmaSpi1RxControlTableEntry.load) [load image, compression = zero_init]
                  0000afc8    00000008     (.cinit..TI.bound:dmaSpi1TxControlTableEntry.load) [load image, compression = zero_init]
                  0000afd0    00000008     (.cinit..bss.load) [load image, compression = zero_init]
                  0000afd8    00000008     (.cinit..vtable_ram.load) [load image, compression = zero_init]
                  0000afe0    00000038     (__TI_cinit_table)

.init_array 
*          0    00000000    00000000     UNINITIALIZED

.ccfg      0    0001ffa8    00000058     
                  0001ffa8    00000058     ccfg.obj (.ccfg:retain)

.sysmem    0    20000000    00000100     UNINITIALIZED
                  20000000    00000010     rtsv7M3_T_le_eabi.lib : memory.c.obj (.sysmem)
                  20000010    000000f0     --HOLE--

.vtable_ram 
*          0    20000100    000000c8     UNINITIALIZED
                  20000100    000000c8     driverlib.lib : interrupt.obj (.vtable_ram)

.TI.bound:dmaSpi0RxControlTableEntry 
*          0    20000430    00000010     UNINITIALIZED
                  20000430    00000010     drivers_cc13x0.aem3 : SPICC26XXDMA.oem3 (.TI.bound:dmaSpi0RxControlTableEntry)

.TI.bound:dmaSpi1RxControlTableEntry 
*          0    20000500    00000010     UNINITIALIZED
                  20000500    00000010     drivers_cc13x0.aem3 : SPICC26XXDMA.oem3 (.TI.bound:dmaSpi1RxControlTableEntry)

.bss       0    20000520    00000b68     UNINITIALIZED
                  20000520    000003d8     rf_multiMode_cc13x0.aem3 : RFCC26XX_multiMode.oem3 (.bss:$O1$$)
                  200008f8    000001c8     (.common:spiCC26XXDMAObjects)
                  20000ac0    00000120     (.common:gptimerCC26XXObjects)
                  20000be0    000000c8     (.common:TxBufferToDAC)
                  20000ca8    000000a8     EasyLink_nortos.obj (.bss:rfObject)
                  20000d50    00000098     EasyLink_nortos.obj (.bss:rxBuffer)
                  20000de8    00000098     EasyLink_nortos.obj (.bss:rxPacket$3)
                  20000e80    0000003c     nortos_cc13x0.aem3 : SwiP_nortos.oem3 (.bss:$O1$$)
                  20000ebc    00000030     EasyLink_nortos.obj (.bss:EasyLink_cmdPropRxAdv)
                  20000eec    00000028     EasyLink_nortos.obj (.bss:EasyLink_cmdPropRadioSetup)
                  20000f14    00000020     EasyLink_nortos.obj (.bss:EasyLink_cmdPropTxAdv)
                  20000f34    00000020     (.common:spiParams)
                  20000f54    00000020     (.common:udmaObjects)
                  20000f74    0000001c     EasyLink_nortos.obj (.bss:EasyLink_cmdPropCs)
                  20000f90    0000001c     EasyLink_nortos.obj (.bss:rfParams)
                  20000fac    00000018     EasyLink_nortos.obj (.bss:EasyLink_cmdFs)
                  20000fc4    00000018     (.common:transaction)
                  20000fdc    00000014     EasyLink_nortos.obj (.bss)
                  20000ff0    00000014     rf_multiMode_cc13x0.aem3 : RFCC26XX_multiMode.oem3 (.bss:RF_ratSyncCmd)
                  20001004    00000014     driverlib.lib : osc.obj (.bss:oscHfGlobals)
                  20001018    00000010     EasyLink_nortos.obj (.bss:EasyLink_RF_prop)
                  20001028    00000010     EasyLink_nortos.obj (.bss:EasyLink_params)
                  20001038    0000000d     nortos_cc13x0.aem3 : SwiP_nortos.oem3 (.bss)
                  20001045    00000003     (.common:adpcm_state)
                  20001048    0000000c     rfEasyLinkRx_nortos.obj (.bss:pinState)
                  20001054    0000000c     EasyLink_nortos.obj (.bss:rxStatistics)
                  20001060    00000008     EasyLink_nortos.obj (.bss:dataQueue)
                  20001068    00000008     driverlib.lib : sys_ctrl.obj (.bss:powerQualGlobals)
                  20001070    00000006     rfEasyLinkRx_nortos.obj (.bss)
                  20001076    00000001     rf_multiMode_cc13x0.aem3 : RFCC26XX_multiMode.oem3 (.bss)
                  20001077    00000001     (.common:driverlib_release_0_55724)
                  20001078    00000004     nortos_cc13x0.aem3 : PowerCC26XX_nortos.oem3 (.bss)
                  2000107c    00000004     (.common:hTimer)
                  20001080    00000004     (.common:rxTimeoutVal)
                  20001084    00000004     (.common:spiHandle)

.data      0    20001088    00000900     UNINITIALIZED
                  20001088    00000114     drivers_cc13x0.aem3 : PINCC26XX.oem3 (.data:$O1$$)
                  2000119c    00000114                         : PowerCC26XX.oem3 (.data:PowerCC26XX_module)
                  200012b0    000000d0     nortos_cc13x0.aem3 : HwiPCC26XX_nortos.oem3 (.data:$O1$$)
                  20001380    000000c0                        : ClockPTimer_nortos.oem3 (.data:$O1$$)
                  20001440    000000b2     adpcm.obj (.data:StepSizeTable)
                  200014f2    00000001     SPI.obj (.data)
                  200014f3    00000001     nortos_cc13x0.aem3 : SwiP_nortos.oem3 (.data)
                  200014f4    00000090     easylink_config.obj (.data:EasyLink_supportedPhys)
                  20001584    00000064     smartrf_settings_predefined.obj (.data:pOverrides_sl_lr)
                  200015e8    00000058     smartrf_settings_predefined.obj (.data:pOverrides_lrm)
                  20001640    00000055     smartrf_settings_predefined.obj (.data:RF_PROP_txPowerTable)
                  20001695    00000003     --HOLE--
                  20001698    00000054     smartrf_settings.obj (.data:pOverrides)
                  200016ec    00000054     smartrf_settings_predefined.obj (.data:pOverrides_fsk)
                  20001740    00000040     EasyLink_nortos.obj (.data:addrFilterTable)
                  20001780    00000030     nortos_cc13x0.aem3 : TimerPCC26XX_nortos.oem3 (.data:$O1$$)
                  200017b0    00000030     smartrf_settings_predefined.obj (.data:RF_cmdPropRxAdv_preDef)
                  200017e0    00000030     rfEasyLinkRx_nortos.obj (.data)
                  20001810    00000028     smartrf_settings.obj (.data:RF_cmdPropRadioDivSetup)
                  20001838    00000028     smartrf_settings_predefined.obj (.data:RF_cmdPropRadioDivSetup_fsk)
                  20001860    00000028     smartrf_settings_predefined.obj (.data:RF_cmdPropRadioDivSetup_lrm)
                  20001888    00000028     smartrf_settings_predefined.obj (.data:RF_cmdPropRadioDivSetup_sl_lr)
                  200018b0    00000019     EasyLink_nortos.obj (.data)
                  200018c9    00000003     --HOLE--
                  200018cc    00000018     smartrf_settings.obj (.data:RF_cmdFs)
                  200018e4    00000018     smartrf_settings_predefined.obj (.data:RF_cmdFs_preDef)
                  200018fc    00000018     smartrf_settings.obj (.data:RF_cmdPropTx)
                  20001914    00000010     adpcm.obj (.data:IndexTable)
                  20001924    00000010     smartrf_settings.obj (.data:RF_prop)
                  20001934    00000010     smartrf_settings_predefined.obj (.data:RF_prop_fsk)
                  20001944    00000010     smartrf_settings_predefined.obj (.data:RF_prop_lrm)
                  20001954    00000010     smartrf_settings_predefined.obj (.data:RF_prop_sl_lr)
                  20001964    0000000c     nortos_cc13x0.aem3 : SemaphoreP_nortos.oem3 (.data:$O1$$)
                  20001970    0000000c     rfEasyLinkRx_nortos.obj (.data:pinTable)
                  2000197c    00000008     rtsv7M3_T_le_eabi.lib : _lock.c.obj (.data:$O1$$)
                  20001984    00000004                           : rand.c.obj (.data)

.stack     0    20004c00    00000400     UNINITIALIZED
                  20004c00    00000004     rtsv7M3_T_le_eabi.lib : boot_cortex_m.c.obj (.stack)
                  20004c04    000003fc     --HOLE--

.TI.bound:dmaSpi0TxControlTableEntry 
*          0    20000440    00000010     UNINITIALIZED
                  20000440    00000010     drivers_cc13x0.aem3 : SPICC26XXDMA.oem3 (.TI.bound:dmaSpi0TxControlTableEntry)

.TI.bound:dmaSpi1TxControlTableEntry 
*          0    20000510    00000010     UNINITIALIZED
                  20000510    00000010     drivers_cc13x0.aem3 : SPICC26XXDMA.oem3 (.TI.bound:dmaSpi1TxControlTableEntry)

.binit     0    00000000    00000000     

.args      0    0000acc0    00000008     
                  0000acc0    00000008     --HOLE-- [fill = 0]

MODULE SUMMARY

       Module                            code    ro data   rw data
       ------                            ----    -------   -------
    .\
       CC1310_LAUNCHXL.obj               36      402       776    
       rfEasyLinkRx_nortos.obj           900     0         146    
       adpcm.obj                         564     0         197    
       CC1310_LAUNCHXL_fxns.obj          280     28        0      
       SPI.obj                           242     32        1      
       samples.obj                       0       0         200    
       ccfg.obj                          0       88        0      
       main_nortos.obj                   18      0         0      
    +--+---------------------------------+-------+---------+---------+
       Total:                            2040    550       1320   
                                                                  
    .\easylink\
       EasyLink_nortos.obj               2832    16        833    
       easylink_config.obj               0       1         144    
    +--+---------------------------------+-------+---------+---------+
       Total:                            2832    17        977    
                                                                  
    .\smartrf_settings\
       smartrf_settings_predefined.obj   1678    9244      597    
       smartrf_settings.obj              494     2740      188    
    +--+---------------------------------+-------+---------+---------+
       Total:                            2172    11984     785    
                                                                  
    C:/ti/simplelink_cc13x0_sdk_3_20_00_23/kernel/nortos/lib/nortos_cc13x0.aem3
       ClockPTimer_nortos.oem3           902     0         192    
       SwiP_nortos.oem3                  704     16        74     
       TimerPCC26XX_nortos.oem3          606     0         48     
       HwiPCC26XX_nortos.oem3            316     0         208    
       SemaphoreP_nortos.oem3            342     0         12     
       PowerCC26XX_nortos.oem3           288     0         4      
       startup_cc13xx_cc26xx_ccs.oem3    26      200       0      
       QueueP_nortos.oem3                96      0         0      
    +--+---------------------------------+-------+---------+---------+
       Total:                            3280    216       538    
                                                                  
    C:/ti/simplelink_cc13x0_sdk_3_20_00_23/source/ti/devices/cc13x0/driverlib/bin/ccs/driverlib.lib
       setup_rom.obj                     1456    0         0      
       sys_ctrl.obj                      760     0         8      
       rfc.obj                           694     24        0      
       osc.obj                           388     0         20     
       setup.obj                         364     0         0      
       interrupt.obj                     74      0         200    
       chipinfo.obj                      182     0         0      
       aon_rtc.obj                       44      0         0      
       ddi.obj                           44      0         0      
       adi.obj                           40      0         0      
       aon_batmon.obj                    40      0         0      
       cpu.obj                           30      0         0      
       vims.obj                          14      0         0      
       driverlib_release.obj             0       0         1      
    +--+---------------------------------+-------+---------+---------+
       Total:                            4130    24        229    
                                                                  
    C:/ti/simplelink_cc13x0_sdk_3_20_00_23/source/ti/drivers/lib/drivers_cc13x0.aem3
       SPICC26XXDMA.oem3                 2448    80        64     
       PowerCC26XX.oem3                  2144    76        276    
       PINCC26XX.oem3                    1530    0         276    
       PowerCC26XX_calibrateRCOSC.oem3   1380    0         0      
       GPTimerCC26XX.oem3                642     36        0      
       List.oem3                         192     0         0      
       UDMACC26XX.oem3                   156     0         0      
    +--+---------------------------------+-------+---------+---------+
       Total:                            8492    192       616    
                                                                  
    C:/ti/simplelink_cc13x0_sdk_3_20_00_23/source/ti/drivers/rf/lib/rf_multiMode_cc13x0.aem3
       RFCC26XX_multiMode.oem3           7578    28        1005   
    +--+---------------------------------+-------+---------+---------+
       Total:                            7578    28        1005   
                                                                  
    C:\ti\ccs901\ccs\tools\compiler\ti-cgt-arm_18.12.2.LTS\lib\rtsv7M3_T_le_eabi.lib
       memcpy_t2.asm.obj                 156     0         0      
       ull_div_t2.asm.obj                150     0         0      
       memset_t2.asm.obj                 122     0         0      
       copy_decompress_lzss.c.obj        104     0         0      
       autoinit.c.obj                    68      0         0      
       rand.c.obj                        52      0         4      
       boot_cortex_m.c.obj               36      0         0      
       args_main.c.obj                   24      0         0      
       ll_mul_t2.asm.obj                 24      0         0      
       copy_decompress_none.c.obj        14      0         0      
       copy_zero_init.c.obj              12      0         0      
       _lock.c.obj                       2       0         8      
       exit.c.obj                        4       0         0      
       pre_init.c.obj                    4       0         0      
       div0.asm.obj                      2       0         0      
    +--+---------------------------------+-------+---------+---------+
       Total:                            774     0         12     
                                                                  
       Heap:                             0       0         256    
       Stack:                            0       0         1024   
       Linker Generated:                 0       848       0      
    +--+---------------------------------+-------+---------+---------+
       Grand Total:                      31298   13859     6762   


LINKER GENERATED COPY TABLES

__TI_cinit_table @ 0000afe0 records: 7, size/record: 8, table size: 56
	.data: load addr=0000acc8, load size=000002dc bytes, run addr=20001088, run size=00000900 bytes, compression=lzss
	.TI.bound:dmaSpi0RxControlTableEntry: load addr=0000afb0, load size=00000008 bytes, run addr=20000430, run size=00000010 bytes, compression=zero_init
	.TI.bound:dmaSpi0TxControlTableEntry: load addr=0000afb8, load size=00000008 bytes, run addr=20000440, run size=00000010 bytes, compression=zero_init
	.TI.bound:dmaSpi1RxControlTableEntry: load addr=0000afc0, load size=00000008 bytes, run addr=20000500, run size=00000010 bytes, compression=zero_init
	.TI.bound:dmaSpi1TxControlTableEntry: load addr=0000afc8, load size=00000008 bytes, run addr=20000510, run size=00000010 bytes, compression=zero_init
	.bss: load addr=0000afd0, load size=00000008 bytes, run addr=20000520, run size=00000b68 bytes, compression=zero_init
	.vtable_ram: load addr=0000afd8, load size=00000008 bytes, run addr=20000100, run size=000000c8 bytes, compression=zero_init


LINKER GENERATED HANDLER TABLE

__TI_handler_table @ 0000afa4 records: 3, size/record: 4, table size: 12
	index: 0, handler: __TI_zero_init
	index: 1, handler: __TI_decompress_lzss
	index: 2, handler: __TI_decompress_none


GLOBAL SYMBOLS: SORTED ALPHABETICALLY BY Name 

address   name                                                        
-------   ----                                                        
0000ac60  ADCBuf_count                                                
0000ac61  ADC_count                                                   
000017b5  ADPCMDecoder                                                
0000ac64  AESCBC_count                                                
0000ac62  AESCCM_count                                                
0000ac67  AESCTRDRBG_count                                            
0000ac65  AESCTR_count                                                
0000ac66  AESECB_count                                                
0000ac63  AESGCM_count                                                
0000ab60  BoardGpioInitTable                                          
00007a6f  Board_init                                                  
00007a77  Board_initHook                                              
00007af7  C$$EXIT                                                     
00007261  CC1310_LAUNCHXL_initGeneral                                 
0000508d  CC1310_LAUNCHXL_sendExtFlashByte                            
0000650d  CC1310_LAUNCHXL_shutDownExtFlash                            
00006315  CC1310_LAUNCHXL_wakeUpExtFlash                              
00007825  ClockP_Params_init                                          
000070c9  ClockP_add                                                  
000063f9  ClockP_construct                                            
0000746b  ClockP_destruct                                             
000079c9  ClockP_doTick                                               
00007835  ClockP_getCpuFreq                                           
00006ed9  ClockP_getTicks                                             
00006931  ClockP_getTicksUntilInterrupt                               
00007483  ClockP_getTimeout                                           
00007ad3  ClockP_isActive                                             
00006efd  ClockP_scheduleNextTick                                     
00007ad7  ClockP_setTimeout                                           
00005195  ClockP_start                                                
0000499d  ClockP_startup                                              
00007ab7  ClockP_stop                                                 
20001384  ClockP_tickPeriod                                           
00005405  ClockP_walkQueueDynamic                                     
00004339  ClockP_workFuncDynamic                                      
0000ac69  Display_count                                               
000076d5  EasyLink_Params_init                                        
00004531  EasyLink_abort                                              
000000c9  EasyLink_init                                               
0000ac72  EasyLink_numSupportedPhys                                   
00001ba9  EasyLink_receiveAsync                                       
200014f4  EasyLink_supportedPhys                                      
000077ed  GPTimerCC26XX_Params_init                                   
0000a9dc  GPTimerCC26XX_config                                        
00006b05  GPTimerCC26XX_configureDebugStall                           
00006f21  GPTimerCC26XX_enableInterrupt                               
00003bc1  GPTimerCC26XX_open                                          
00006361  GPTimerCC26XX_registerInterrupt                             
00007a7f  GPTimerCC26XX_setLoadValue                                  
000063ad  GPTimerCC26XX_start                                         
000077ff  HwiP_Params_init                                            
0000538d  HwiP_construct                                              
0000727d  HwiP_destruct                                               
00007845  HwiP_disable                                                
00007adb  HwiP_enable                                                 
00007855  HwiP_enableInterrupt                                        
0000749d  HwiP_inISR                                                  
00007865  HwiP_post                                                   
00007a87  HwiP_restore                                                
0000767b  HwiP_setFunc                                                
200012b4  HwiP_swiPIntNum                                             
0000ac6a  I2C_count                                                   
0000ac6b  I2S_count                                                   
00006cdd  IIR_Filter_Lowpass_butterworth                              
20001914  IndexTable                                                  
000076e9  List_clearList                                              
00007041  List_get                                                    
00007063  List_insert                                                 
00007085  List_put                                                    
000070a7  List_putHead                                                
00006f45  List_remove                                                 
00006e11  NOROM_AONBatMonTemperatureGetDegC                           
000076fd  NOROM_AONRTCCurrent64BitValueGet                            
000074b5  NOROM_AONRTCCurrentCompareValueGet                          
000079d5  NOROM_CPUcpsid                                              
000079e1  NOROM_CPUcpsie                                              
00007abd  NOROM_CPUdelay                                              
00007299  NOROM_ChipInfo_GetChipFamily                                
00006b35  NOROM_ChipInfo_GetChipType                                  
000065cd  NOROM_ChipInfo_GetHwRevision                                
000074cd  NOROM_ChipInfo_GetPackageType                               
00006d09  NOROM_DDI32RegWrite                                         
00006999  NOROM_IntRegister                                           
00007711  NOROM_IntUnregister                                         
00006d35  NOROM_OSCClockSourceGet                                     
00005bdd  NOROM_OSCClockSourceSet                                     
00005a4d  NOROM_OSCHF_AttemptToSwitchToXosc                           
000069cd  NOROM_OSCHF_SwitchToRcOscTurnOffXosc                        
000074e5  NOROM_OSCHF_TurnOnXosc                                      
00006609  NOROM_OSC_HPOSCRelativeFrequencyOffsetGet                   
000079ed  NOROM_OSC_HPOSCRelativeFrequencyOffsetToRFCoreFormatConvert 
00007109  NOROM_RFCAdi3VcoLdoVoltageMode                              
000074fd  NOROM_RFCCpeIntGetAndClear                                  
00006d61  NOROM_RFCCpePatchReset                                      
00006f69  NOROM_RFCDoorbellSendTo                                     
00007875  NOROM_RFCHwIntGetAndClear                                   
00006c55  NOROM_RFCOverrideSearch                                     
00007adf  NOROM_RFCOverrideUpdate                                     
00003c91  NOROM_RFCRTrim                                              
00003a19  NOROM_RFCRfTrimRead                                         
00007885  NOROM_RFCRfTrimSet                                          
00006645  NOROM_RFCSynthPowerDown                                     
000045d5  NOROM_SetupAfterColdResetWakeupFromShutDownCfg1             
000034ad  NOROM_SetupAfterColdResetWakeupFromShutDownCfg2             
00002c01  NOROM_SetupAfterColdResetWakeupFromShutDownCfg3             
00007515  NOROM_SetupGetTrimForAdcShModeEn                            
0000752d  NOROM_SetupGetTrimForAdcShVbufEn                            
000056a5  NOROM_SetupGetTrimForAmpcompCtrl                            
00007545  NOROM_SetupGetTrimForAmpcompTh1                             
000072b5  NOROM_SetupGetTrimForAmpcompTh2                             
0000570d  NOROM_SetupGetTrimForAnabypassValue1                        
0000755d  NOROM_SetupGetTrimForDblrLoopFilterResetVoltage             
00006d8d  NOROM_SetupGetTrimForRadcExtCfg                             
00007575  NOROM_SetupGetTrimForRcOscLfIBiasTrim                       
000072d1  NOROM_SetupGetTrimForRcOscLfRtuneCtuneTrim                  
00007129  NOROM_SetupGetTrimForXoscHfCtl                              
00007895  NOROM_SetupGetTrimForXoscHfFastStart                        
000078a5  NOROM_SetupGetTrimForXoscHfIbiastherm                       
0000758d  NOROM_SetupGetTrimForXoscLfRegulatorAndCmirrwrRatio         
00006b65  NOROM_SetupSetAonRtcSubSecInc                               
000061d5  NOROM_SetupSetCacheModeAccordingToCcfgSetting               
00005479  NOROM_SetupSetVddrLevel                                     
000043e1  NOROM_SetupTrimDevice                                       
00005775  NOROM_SysCtrlAdjustRechargeAfterPowerDown                   
00001369  NOROM_SysCtrlSetRechargeBeforePowerDown                     
000057dd  NOROM_SysCtrl_DCDC_VoltageConditionalControl                
00007691  NOROM_ThisLibraryIsFor_CC13x0_HwRev20AndLater_HaltIfViolated
00007975  NOROM_VIMSModeGet                                           
0000ac6c  NVS_count                                                   
00007adb  NoRTOS_start                                                
0000654d  PINCC26XX_getConfig                                         
000078b5  PINCC26XX_getPinCount                                       
0000aca8  PINCC26XX_hwAttrs                                           
00006b95  PINCC26XX_setMux                                            
00005845  PIN_add                                                     
000071e9  PIN_close                                                   
000075a5  PIN_getConfig                                               
00007725  PIN_getOutputValue                                          
00001d69  PIN_init                                                    
0000471d  PIN_open                                                    
000079f9  PIN_registerIntCb                                           
00005f7d  PIN_remove                                                  
000067ad  PIN_setConfig                                               
000067e5  PIN_setInterrupt                                            
0000681d  PIN_setOutputValue                                          
0000ac6d  PWM_count                                                   
00005cfd  PowerCC26XX_RCOSC_clockFunc                                 
00000b9d  PowerCC26XX_auxISR                                          
00005c3d  PowerCC26XX_calibrate                                       
0000abec  PowerCC26XX_config                                          
000020c9  PowerCC26XX_doCalibrate                                     
000055cd  PowerCC26XX_initiateCalibration                             
00006681  PowerCC26XX_isStableXOSC_HF                                 
2000119c  PowerCC26XX_module                                          
000078c5  PowerCC26XX_schedulerDisable                                
00007a05  PowerCC26XX_schedulerRestore                                
000033ad  PowerCC26XX_standbyPolicy                                   
00007ae3  PowerCC26XX_switchXOSC_HF                                   
00007739  Power_disablePolicy                                         
000078d5  Power_enablePolicy                                          
00007a11  Power_getConstraintMask                                     
00007a1d  Power_getDependencyCount                                    
00007207  Power_getTransitionLatency                                  
000075bd  Power_idleFunc                                              
0000307d  Power_init                                                  
00006e39  Power_registerNotify                                        
00006a01  Power_releaseConstraint                                     
00003fb1  Power_releaseDependency                                     
00006bc5  Power_setConstraint                                         
00004125  Power_setDependency                                         
00001591  Power_sleep                                                 
00007169  Power_unregisterNotify                                      
00007983  QueueP_empty                                                
00007421  QueueP_get                                                  
00007ae7  QueueP_head                                                 
00007ac3  QueueP_init                                                 
00007aeb  QueueP_next                                                 
00007309  QueueP_put                                                  
00007991  QueueP_remove                                               
0000ac94  RFCC26XX_hwAttrs                                            
20001640  RF_PROP_txPowerTable                                        
0000774d  RF_Params_init                                              
000075d5  RF_cancelCmd                                                
00003191  RF_close                                                    
200018cc  RF_cmdFs                                                    
200018e4  RF_cmdFs_preDef                                             
20001810  RF_cmdPropRadioDivSetup                                     
20001838  RF_cmdPropRadioDivSetup_fsk                                 
20001860  RF_cmdPropRadioDivSetup_lrm                                 
20001888  RF_cmdPropRadioDivSetup_sl_lr                               
200017b0  RF_cmdPropRxAdv_preDef                                      
200018fc  RF_cmdPropTx                                                
00005c9d  RF_getCurrentTime                                           
000019d1  RF_open                                                     
00003aed  RF_pendCmd                                                  
0000406d  RF_postCmd                                                  
00007a29  RF_powerConstraintGet                                       
0000688d  RF_powerConstraintRelease                                   
00007341  RF_powerConstraintSet                                       
20001924  RF_prop                                                     
20001934  RF_prop_fsk                                                 
20001944  RF_prop_lrm                                                 
20001954  RF_prop_sl_lr                                               
00006e61  RF_runCmd                                                   
00000ea9  RF_scheduleCmd                                              
200017ef  RxBufferCounter                                             
0000ac6e  SD_count                                                    
00006181  SPICC26XXDMA_close                                          
00004d31  SPICC26XXDMA_control                                        
0000ac04  SPICC26XXDMA_fxnTable                                       
000079ad  SPICC26XXDMA_init                                           
00002e49  SPICC26XXDMA_open                                           
00001131  SPICC26XXDMA_transfer                                       
0000385d  SPICC26XXDMA_transferCancel                                 
000060d9  SPI_FN                                                      
00007605  SPI_Params_init                                             
0000612d  SPI_SEND_TO_DMA                                             
0000ac1c  SPI_config                                                  
0000ac6f  SPI_count                                                   
0000abb0  SPI_defaultParams                                           
000058ad  SPI_init                                                    
00005e11  SPI_open                                                    
000076bd  SPI_transfer                                                
00006eb1  SafeHapiVoid                                                
00007905  SemaphoreP_Params_init                                      
000062c5  SemaphoreP_construct                                        
00007243  SemaphoreP_constructBinary                                  
20001968  SemaphoreP_defaultParams                                    
0000538b  SemaphoreP_destruct                                         
00004b71  SemaphoreP_pend                                             
00006735  SemaphoreP_post                                             
200017ea  SendDataToDACTrigger                                        
20001440  StepSizeTable                                               
00007915  SwiP_Params_init                                            
00003941  SwiP_construct                                              
00006a35  SwiP_destruct                                               
0000735d  SwiP_disable                                                
0000485d  SwiP_dispatch                                               
00007a35  SwiP_getTrigger                                             
00007379  SwiP_or                                                     
00005915  SwiP_post                                                   
00006485  SwiP_restore                                                
0000ac68  TRNG_count                                                  
00007925  TimerP_Params_init                                          
00004289  TimerP_construct                                            
00007395  TimerP_dynamicStub                                          
00007aef  TimerP_getCount64                                           
00006bf5  TimerP_getCurrentTick                                       
00007a41  TimerP_getFreq                                              
00006ff9  TimerP_getMaxTicks                                          
00006a69  TimerP_initDevice                                           
000068c5  TimerP_setNextTick                                          
00006c25  TimerP_setThreshold                                         
0000555d  TimerP_start                                                
000077b1  TimerP_startup                                              
200017e8  Timer_counter                                               
20000be0  TxBufferToDAC                                               
200017ee  TxBufferToDACSampleCounter                                  
0000ac70  UART_count                                                  
000068fb  UDMACC26XX_close                                            
0000acb0  UDMACC26XX_config                                           
00007a65  UDMACC26XX_hwiIntFxn                                        
00005e6d  UDMACC26XX_open                                             
0000ac71  Watchdog_count                                              
20005000  __STACK_END                                                 
00000400  __STACK_SIZE                                                
00000100  __SYSMEM_SIZE                                               
0000afe0  __TI_CINIT_Base                                             
0000b018  __TI_CINIT_Limit                                            
0000afa4  __TI_Handler_Table_Base                                     
0000afb0  __TI_Handler_Table_Limit                                    
000064c9  __TI_auto_init_nobinit_nopinit                              
0000597d  __TI_decompress_lzss                                        
000079bb  __TI_decompress_none                                        
ffffffff  __TI_pprof_out_hndl                                         
ffffffff  __TI_prof_data_size                                         
ffffffff  __TI_prof_data_start                                        
00000000  __TI_static_base__                                          
00007a4d  __TI_zero_init                                              
00007b09  __aeabi_idiv0                                               
00007b09  __aeabi_ldiv0                                               
[...]
00005845  PIN_add                                                     
000058ad  SPI_init                                                    
00005915  SwiP_post                                                   
0000597d  __TI_decompress_lzss                                        
00005a4d  NOROM_OSCHF_AttemptToSwitchToXosc                           
00005bdd  NOROM_OSCClockSourceSet                                     
00005c3d  PowerCC26XX_calibrate                                       
00005c9d  RF_getCurrentTime                                           
00005cfd  PowerCC26XX_RCOSC_clockFunc                                 
00005e11  SPI_open                                                    
00005e6d  UDMACC26XX_open                                             
00005ec9  createTxAdvFromTx                                           
00005f23  _nop                                                        
00005f7d  PIN_remove                                                  
000060d9  SPI_FN                                                      
0000612d  SPI_SEND_TO_DMA                                             
00006181  SPICC26XXDMA_close                                          
000061d3  clkFxn                                                      
000061d5  NOROM_SetupSetCacheModeAccordingToCcfgSetting               
000062c5  SemaphoreP_construct                                        
00006315  CC1310_LAUNCHXL_wakeUpExtFlash                              
00006361  GPTimerCC26XX_registerInterrupt                             
000063ad  GPTimerCC26XX_start                                         
000063f9  ClockP_construct                                            
00006485  SwiP_restore                                                
000064c9  __TI_auto_init_nobinit_nopinit                              
0000650d  CC1310_LAUNCHXL_shutDownExtFlash                            
0000654d  PINCC26XX_getConfig                                         
000065cd  NOROM_ChipInfo_GetHwRevision                                
00006609  NOROM_OSC_HPOSCRelativeFrequencyOffsetGet                   
00006645  NOROM_RFCSynthPowerDown                                     
00006681  PowerCC26XX_isStableXOSC_HF                                 
00006735  SemaphoreP_post                                             
000067ad  PIN_setConfig                                               
000067e5  PIN_setInterrupt                                            
0000681d  PIN_setOutputValue                                          
0000688d  RF_powerConstraintRelease                                   
000068c5  TimerP_setNextTick                                          
000068fb  UDMACC26XX_close                                            
00006931  ClockP_getTicksUntilInterrupt                               
00006999  NOROM_IntRegister                                           
000069cd  NOROM_OSCHF_SwitchToRcOscTurnOffXosc                        
00006a01  Power_releaseConstraint                                     
00006a35  SwiP_destruct                                               
00006a69  TimerP_initDevice                                           
00006ad1  rand                                                        
00006b05  GPTimerCC26XX_configureDebugStall                           
00006b35  NOROM_ChipInfo_GetChipType                                  
00006b65  NOROM_SetupSetAonRtcSubSecInc                               
00006b95  PINCC26XX_setMux                                            
00006bc5  Power_setConstraint                                         
00006bf5  TimerP_getCurrentTick                                       
00006c25  TimerP_setThreshold                                         
00006c55  NOROM_RFCOverrideSearch                                     
00006cdd  IIR_Filter_Lowpass_butterworth                              
00006d09  NOROM_DDI32RegWrite                                         
00006d35  NOROM_OSCClockSourceGet                                     
00006d61  NOROM_RFCCpePatchReset                                      
00006d8d  NOROM_SetupGetTrimForRadcExtCfg                             
00006e11  NOROM_AONBatMonTemperatureGetDegC                           
00006e39  Power_registerNotify                                        
00006e61  RF_runCmd                                                   
00006eb1  SafeHapiVoid                                                
00006ed9  ClockP_getTicks                                             
00006efd  ClockP_scheduleNextTick                                     
00006f21  GPTimerCC26XX_enableInterrupt                               
00006f45  List_remove                                                 
00006f69  NOROM_RFCDoorbellSendTo                                     
00006ff9  TimerP_getMaxTicks                                          
0000701d  _c_int00                                                    
00007041  List_get                                                    
00007063  List_insert                                                 
00007085  List_put                                                    
000070a7  List_putHead                                                
000070c9  ClockP_add                                                  
00007109  NOROM_RFCAdi3VcoLdoVoltageMode                              
00007129  NOROM_SetupGetTrimForXoscHfCtl                              
00007169  Power_unregisterNotify                                      
000071e9  PIN_close                                                   
00007207  Power_getTransitionLatency                                  
00007243  SemaphoreP_constructBinary                                  
00007261  CC1310_LAUNCHXL_initGeneral                                 
0000727d  HwiP_destruct                                               
00007299  NOROM_ChipInfo_GetChipFamily                                
000072b5  NOROM_SetupGetTrimForAmpcompTh2                             
000072d1  NOROM_SetupGetTrimForRcOscLfRtuneCtuneTrim                  
00007309  QueueP_put                                                  
00007341  RF_powerConstraintSet                                       
0000735d  SwiP_disable                                                
00007379  SwiP_or                                                     
00007395  TimerP_dynamicStub                                          
00007421  QueueP_get                                                  
0000746b  ClockP_destruct                                             
00007483  ClockP_getTimeout                                           
0000749d  HwiP_inISR                                                  
000074b5  NOROM_AONRTCCurrentCompareValueGet                          
000074cd  NOROM_ChipInfo_GetPackageType                               
000074e5  NOROM_OSCHF_TurnOnXosc                                      
000074fd  NOROM_RFCCpeIntGetAndClear                                  
00007515  NOROM_SetupGetTrimForAdcShModeEn                            
0000752d  NOROM_SetupGetTrimForAdcShVbufEn                            
00007545  NOROM_SetupGetTrimForAmpcompTh1                             
0000755d  NOROM_SetupGetTrimForDblrLoopFilterResetVoltage             
00007575  NOROM_SetupGetTrimForRcOscLfIBiasTrim                       
0000758d  NOROM_SetupGetTrimForXoscLfRegulatorAndCmirrwrRatio         
000075a5  PIN_getConfig                                               
000075bd  Power_idleFunc                                              
000075d5  RF_cancelCmd                                                
00007605  SPI_Params_init                                             
0000761d  _args_main                                                  
00007635  init_adpcm                                                  
0000764d  __aeabi_lmul                                                
0000767b  HwiP_setFunc                                                
00007691  NOROM_ThisLibraryIsFor_CC13x0_HwRev20AndLater_HaltIfViolated
000076bd  SPI_transfer                                                
000076d5  EasyLink_Params_init                                        
000076e9  List_clearList                                              
000076fd  NOROM_AONRTCCurrent64BitValueGet                            
00007711  NOROM_IntUnregister                                         
00007725  PIN_getOutputValue                                          
00007739  Power_disablePolicy                                         
0000774d  RF_Params_init                                              
000077b1  TimerP_startup                                              
000077d9  resetISR                                                    
000077ed  GPTimerCC26XX_Params_init                                   
000077ff  HwiP_Params_init                                            
00007811  main                                                        
00007825  ClockP_Params_init                                          
00007835  ClockP_getCpuFreq                                           
00007845  HwiP_disable                                                
00007855  HwiP_enableInterrupt                                        
00007865  HwiP_post                                                   
00007875  NOROM_RFCHwIntGetAndClear                                   
00007885  NOROM_RFCRfTrimSet                                          
00007895  NOROM_SetupGetTrimForXoscHfFastStart                        
000078a5  NOROM_SetupGetTrimForXoscHfIbiastherm                       
000078b5  PINCC26XX_getPinCount                                       
000078c5  PowerCC26XX_schedulerDisable                                
000078d5  Power_enablePolicy                                          
00007905  SemaphoreP_Params_init                                      
00007915  SwiP_Params_init                                            
00007925  TimerP_Params_init                                          
00007975  NOROM_VIMSModeGet                                           
00007983  QueueP_empty                                                
00007991  QueueP_remove                                               
000079ad  SPICC26XXDMA_init                                           
000079bb  __TI_decompress_none                                        
000079c9  ClockP_doTick                                               
000079d5  NOROM_CPUcpsid                                              
000079e1  NOROM_CPUcpsie                                              
000079ed  NOROM_OSC_HPOSCRelativeFrequencyOffsetToRFCoreFormatConvert 
000079f9  PIN_registerIntCb                                           
00007a05  PowerCC26XX_schedulerRestore                                
00007a11  Power_getConstraintMask                                     
00007a1d  Power_getDependencyCount                                    
00007a29  RF_powerConstraintGet                                       
00007a35  SwiP_getTrigger                                             
00007a41  TimerP_getFreq                                              
00007a4d  __TI_zero_init                                              
00007a65  UDMACC26XX_hwiIntFxn                                        
00007a6f  Board_init                                                  
00007a77  Board_initHook                                              
00007a7f  GPTimerCC26XX_setLoadValue                                  
00007a87  HwiP_restore                                                
00007ab7  ClockP_stop                                                 
00007abd  NOROM_CPUdelay                                              
00007ac3  QueueP_init                                                 
00007ad3  ClockP_isActive                                             
00007ad7  ClockP_setTimeout                                           
00007adb  HwiP_enable                                                 
00007adb  NoRTOS_start                                                
00007adf  NOROM_RFCOverrideUpdate                                     
00007ae3  PowerCC26XX_switchXOSC_HF                                   
00007ae7  QueueP_head                                                 
00007aeb  QueueP_next                                                 
00007aef  TimerP_getCount64                                           
00007af3  _system_pre_init                                            
00007af7  C$$EXIT                                                     
00007af7  abort                                                       
00007b09  __aeabi_idiv0                                               
00007b09  __aeabi_ldiv0                                               
0000a9dc  GPTimerCC26XX_config                                        
0000aa3c  gptimerCC26xxHWAttrs                                        
0000aa9c  resourceDB                                                  
0000aae8  spiCC26XXDMAHWAttrs                                         
0000ab60  BoardGpioInitTable                                          
0000abb0  SPI_defaultParams                                           
0000abec  PowerCC26XX_config                                          
0000ac04  SPICC26XXDMA_fxnTable                                       
0000ac1c  SPI_config                                                  
0000ac60  ADCBuf_count                                                
0000ac61  ADC_count                                                   
0000ac62  AESCCM_count                                                
0000ac63  AESGCM_count                                                
0000ac64  AESCBC_count                                                
0000ac65  AESCTR_count                                                
0000ac66  AESECB_count                                                
0000ac67  AESCTRDRBG_count                                            
0000ac68  TRNG_count                                                  
0000ac69  Display_count                                               
0000ac6a  I2C_count                                                   
0000ac6b  I2S_count                                                   
0000ac6c  NVS_count                                                   
0000ac6d  PWM_count                                                   
0000ac6e  SD_count                                                    
0000ac6f  SPI_count                                                   
0000ac70  UART_count                                                  
0000ac71  Watchdog_count                                              
0000ac72  EasyLink_numSupportedPhys                                   
0000ac94  RFCC26XX_hwAttrs                                            
0000aca8  PINCC26XX_hwAttrs                                           
0000acb0  UDMACC26XX_config                                           
0000acb8  udmaHWAttrs                                                 
0000acc0  __c_args__                                                  
0000afa4  __TI_Handler_Table_Base                                     
0000afb0  __TI_Handler_Table_Limit                                    
0000afe0  __TI_CINIT_Base                                             
0000b018  __TI_CINIT_Limit                                            
0001ffa8  __ccfg                                                      
20000000  _sys_memory                                                 
20000100  g_pfnRAMVectors                                             
200008f8  spiCC26XXDMAObjects                                         
20000ac0  gptimerCC26XXObjects                                        
20000be0  TxBufferToDAC                                               
20000f34  spiParams                                                   
20000f54  udmaObjects                                                 
20000fc4  transaction                                                 
20001045  adpcm_state                                                 
20001077  driverlib_release_0_55724                                   
2000107c  hTimer                                                      
20001080  rxTimeoutVal                                                
20001084  spiHandle                                                   
20001088  pinUpperBound                                               
2000108c  pinLowerBound                                               
20001120  pinHandleTable                                              
2000119c  PowerCC26XX_module                                          
200012b4  HwiP_swiPIntNum                                             
20001384  ClockP_tickPeriod                                           
20001440  StepSizeTable                                               
200014f4  EasyLink_supportedPhys                                      
20001584  pOverrides_sl_lr                                            
200015e8  pOverrides_lrm                                              
20001640  RF_PROP_txPowerTable                                        
20001698  pOverrides                                                  
200016ec  pOverrides_fsk                                              
200017b0  RF_cmdPropRxAdv_preDef                                      
200017e0  int16_prevSample                                            
200017e2  int16_prevSampleForRF                                       
200017e4  counter                                                     
200017e6  temp                                                        
200017e8  Timer_counter                                               
200017ea  SendDataToDACTrigger                                        
200017ec  temp_count                                                  
200017ee  TxBufferToDACSampleCounter                                  
200017ef  RxBufferCounter                                             
200017f0  uisampleVal                                                 
20001810  RF_cmdPropRadioDivSetup                                     
20001838  RF_cmdPropRadioDivSetup_fsk                                 
20001860  RF_cmdPropRadioDivSetup_lrm                                 
20001888  RF_cmdPropRadioDivSetup_sl_lr                               
200018cc  RF_cmdFs                                                    
200018e4  RF_cmdFs_preDef                                             
200018fc  RF_cmdPropTx                                                
20001914  IndexTable                                                  
20001924  RF_prop                                                     
20001934  RF_prop_fsk                                                 
20001944  RF_prop_lrm                                                 
20001954  RF_prop_sl_lr                                               
20001968  SemaphoreP_defaultParams                                    
20001970  pinTable                                                    
2000197c  _lock                                                       
20001980  _unlock                                                     
20004c00  __stack                                                     
20005000  __STACK_END                                                 
ffffffff  __TI_pprof_out_hndl                                         
ffffffff  __TI_prof_data_size                                         
ffffffff  __TI_prof_data_start                                        
ffffffff  __binit__                                                   
ffffffff  binit                                                       
UNDEFED   __mpu_init                                                  
UNDEFED   _system_post_cinit                                          

[348 symbols]
